[    0.000000] Initializing cgroup subsys cpuset
[    0.000000] Initializing cgroup subsys cpu
[    0.000000] Initializing cgroup subsys cpuacct
[    0.000000] Linux version 3.14.37-x86_64-L1-R517 (softteam@pdd-build) (gcc version 4.8 (GCC) ) #1 SMP PREEMPT Mon May 9 09:57:44 CST 2016
[    0.000000] Command line: console=tty0 shutdown_reason=no_applicable watchdog_reset_reason=security_watchdog androidboot.bootreason=reboot androidboot.serialno=0123456789ABCDEF g_ffs.iSerialNumber=0123456789ABCDEF loglevel=5 androidboot.hardware=cht_cr_mrd_w firmware_class.path=/system/etc/firmware i915.fastboot=1 memmap=4M$0x5c400000 vga=current i915.modeset=1 drm.vblankoffdelay=1 enforcing=0 androidboot.selinux=permissive console=ttyS0,115200n8 bootboost=1 pm_suspend_debug=1 pstore.backend=ramoops
[    0.000000] e820: BIOS-provided physical RAM map:
[    0.000000] BIOS-e820: [mem 0x0000000000000000-0x000000000008efff] usable
[    0.000000] BIOS-e820: [mem 0x000000000008f000-0x000000000008ffff] ACPI NVS
[    0.000000] BIOS-e820: [mem 0x0000000000090000-0x000000000009dfff] usable
[    0.000000] BIOS-e820: [mem 0x000000000009e000-0x000000000009ffff] reserved
[    0.000000] BIOS-e820: [mem 0x0000000000100000-0x000000001effffff] usable
[    0.000000] BIOS-e820: [mem 0x000000001f000000-0x00000000201fffff] reserved
[    0.000000] BIOS-e820: [mem 0x0000000020200000-0x000000007ad00fff] usable
[    0.000000] BIOS-e820: [mem 0x000000007ad01000-0x000000007ad30fff] reserved
[    0.000000] BIOS-e820: [mem 0x000000007ad31000-0x000000007ad5ffff] ACPI data
[    0.000000] BIOS-e820: [mem 0x000000007ad60000-0x000000007b5b2fff] ACPI NVS
[    0.000000] BIOS-e820: [mem 0x000000007b5b3000-0x000000007b8f9fff] reserved
[    0.000000] BIOS-e820: [mem 0x000000007b8fa000-0x000000007bffffff] usable
[    0.000000] BIOS-e820: [mem 0x00000000e0000000-0x00000000e3ffffff] reserved
[    0.000000] BIOS-e820: [mem 0x00000000fea00000-0x00000000feafffff] reserved
[    0.000000] BIOS-e820: [mem 0x00000000fec00000-0x00000000fec00fff] reserved
[    0.000000] BIOS-e820: [mem 0x00000000fed01000-0x00000000fed01fff] reserved
[    0.000000] BIOS-e820: [mem 0x00000000fed03000-0x00000000fed03fff] reserved
[    0.000000] BIOS-e820: [mem 0x00000000fed06000-0x00000000fed06fff] reserved
[    0.000000] BIOS-e820: [mem 0x00000000fed08000-0x00000000fed09fff] reserved
[    0.000000] BIOS-e820: [mem 0x00000000fed1c000-0x00000000fed1cfff] reserved
[    0.000000] BIOS-e820: [mem 0x00000000fed80000-0x00000000fedbffff] reserved
[    0.000000] BIOS-e820: [mem 0x00000000fee00000-0x00000000fee00fff] reserved
[    0.000000] BIOS-e820: [mem 0x00000000ffa00000-0x00000000ffffffff] reserved
[    0.000000] BIOS-e820: [mem 0x0000000100000000-0x000000017fffffff] usable
[    0.000000] NX (Execute Disable) protection: active
[    0.000000] e820: user-defined physical RAM map:
[    0.000000] user: [mem 0x0000000000000000-0x000000000008efff] usable
[    0.000000] user: [mem 0x000000000008f000-0x000000000008ffff] ACPI NVS
[    0.000000] user: [mem 0x0000000000090000-0x000000000009dfff] usable
[    0.000000] user: [mem 0x000000000009e000-0x000000000009ffff] reserved
[    0.000000] user: [mem 0x0000000000100000-0x000000001effffff] usable
[    0.000000] user: [mem 0x000000001f000000-0x00000000201fffff] reserved
[    0.000000] user: [mem 0x0000000020200000-0x000000005c3fffff] usable
[    0.000000] user: [mem 0x000000005c400000-0x000000005c7fffff] reserved
[    0.000000] user: [mem 0x000000005c800000-0x000000007ad00fff] usable
[    0.000000] user: [mem 0x000000007ad01000-0x000000007ad30fff] reserved
[    0.000000] user: [mem 0x000000007ad31000-0x000000007ad5ffff] ACPI data
[    0.000000] user: [mem 0x000000007ad60000-0x000000007b5b2fff] ACPI NVS
[    0.000000] user: [mem 0x000000007b5b3000-0x000000007b8f9fff] reserved
[    0.000000] user: [mem 0x000000007b8fa000-0x000000007bffffff] usable
[    0.000000] user: [mem 0x00000000e0000000-0x00000000e3ffffff] reserved
[    0.000000] user: [mem 0x00000000fea00000-0x00000000feafffff] reserved
[    0.000000] user: [mem 0x00000000fec00000-0x00000000fec00fff] reserved
[    0.000000] user: [mem 0x00000000fed01000-0x00000000fed01fff] reserved
[    0.000000] user: [mem 0x00000000fed03000-0x00000000fed03fff] reserved
[    0.000000] user: [mem 0x00000000fed06000-0x00000000fed06fff] reserved
[    0.000000] user: [mem 0x00000000fed08000-0x00000000fed09fff] reserved
[    0.000000] user: [mem 0x00000000fed1c000-0x00000000fed1cfff] reserved
[    0.000000] user: [mem 0x00000000fed80000-0x00000000fedbffff] reserved
[    0.000000] user: [mem 0x00000000fee00000-0x00000000fee00fff] reserved
[    0.000000] user: [mem 0x00000000ffa00000-0x00000000ffffffff] reserved
[    0.000000] user: [mem 0x0000000100000000-0x000000017fffffff] usable
[    0.000000] efi: EFI v2.40 by American Megatrends
[    0.000000] efi:  ACPI=0x7ad3b000  ACPI 2.0=0x7ad3b000  SMBIOS=0x7b770000 
[    0.000000] efi: mem00: type=7, attr=0xf, range=[0x0000000000000000-0x0000000000001000) (0MB)
[    0.000000] efi: mem01: type=2, attr=0xf, range=[0x0000000000001000-0x0000000000002000) (0MB)
[    0.000000] efi: mem02: type=7, attr=0xf, range=[0x0000000000002000-0x000000000008f000) (0MB)
[    0.000000] efi: mem03: type=10, attr=0xf, range=[0x000000000008f000-0x0000000000090000) (0MB)
[    0.000000] efi: mem04: type=7, attr=0xf, range=[0x0000000000090000-0x000000000009d000) (0MB)
[    0.000000] efi: mem05: type=2, attr=0xf, range=[0x000000000009d000-0x000000000009e000) (0MB)
[    0.000000] efi: mem06: type=0, attr=0xf, range=[0x000000000009e000-0x00000000000a0000) (0MB)
[    0.000000] efi: mem07: type=2, attr=0xf, range=[0x0000000000100000-0x0000000000458000) (3MB)
[    0.000000] efi: mem08: type=7, attr=0xf, range=[0x0000000000458000-0x0000000001000000) (11MB)
[    0.000000] efi: mem09: type=2, attr=0xf, range=[0x0000000001000000-0x00000000029b2000) (25MB)
[    0.000000] efi: mem10: type=7, attr=0xf, range=[0x00000000029b2000-0x000000001f000000) (454MB)
[    0.000000] efi: mem11: type=0, attr=0xf, range=[0x000000001f000000-0x0000000020200000) (18MB)
[    0.000000] efi: mem12: type=7, attr=0xf, range=[0x0000000020200000-0x000000003fffc000) (509MB)
[    0.000000] efi: mem13: type=2, attr=0xf, range=[0x000000003fffc000-0x0000000040000000) (0MB)
[    0.000000] efi: mem14: type=7, attr=0xf, range=[0x0000000040000000-0x0000000072000000) (800MB)
[    0.000000] efi: mem15: type=4, attr=0xf, range=[0x0000000072000000-0x0000000072020000) (0MB)
[    0.000000] efi: mem16: type=7, attr=0xf, range=[0x0000000072020000-0x0000000075fab000) (63MB)
[    0.000000] efi: mem17: type=2, attr=0xf, range=[0x0000000075fab000-0x0000000076a63000) (10MB)
[    0.000000] efi: mem18: type=1, attr=0xf, range=[0x0000000076a63000-0x0000000076fe5000) (5MB)
[    0.000000] efi: mem19: type=7, attr=0xf, range=[0x0000000076fe5000-0x00000000774ff000) (5MB)
[    0.000000] efi: mem20: type=4, attr=0xf, range=[0x00000000774ff000-0x000000007751a000) (0MB)
[    0.000000] efi: mem21: type=7, attr=0xf, range=[0x000000007751a000-0x0000000077582000) (0MB)
[    0.000000] efi: mem22: type=2, attr=0xf, range=[0x0000000077582000-0x0000000077583000) (0MB)
[    0.000000] efi: mem23: type=4, attr=0xf, range=[0x0000000077583000-0x000000007795a000) (3MB)
[    0.000000] efi: mem24: type=2, attr=0xf, range=[0x000000007795a000-0x000000007795b000) (0MB)
[    0.000000] efi: mem25: type=4, attr=0xf, range=[0x000000007795b000-0x0000000077bb1000) (2MB)
[    0.000000] efi: mem26: type=1, attr=0xf, range=[0x0000000077bb1000-0x0000000077bc1000) (0MB)
[    0.000000] efi: mem27: type=4, attr=0xf, range=[0x0000000077bc1000-0x000000007a701000) (43MB)
[    0.000000] efi: mem28: type=7, attr=0xf, range=[0x000000007a701000-0x000000007aa46000) (3MB)
[    0.000000] efi: mem29: type=3, attr=0xf, range=[0x000000007aa46000-0x000000007ad01000) (2MB)
[    0.000000] efi: mem30: type=0, attr=0xf, range=[0x000000007ad01000-0x000000007ad31000) (0MB)
[    0.000000] efi: mem31: type=9, attr=0xf, range=[0x000000007ad31000-0x000000007ad60000) (0MB)
[    0.000000] efi: mem32: type=10, attr=0xf, range=[0x000000007ad60000-0x000000007b5b3000) (8MB)
[    0.000000] efi: mem33: type=6, attr=0x800000000000000f, range=[0x000000007b5b3000-0x000000007b871000) (2MB)
[    0.000000] efi: mem34: type=5, attr=0x800000000000000f, range=[0x000000007b871000-0x000000007b8fa000) (0MB)
[    0.000000] efi: mem35: type=4, attr=0xf, range=[0x000000007b8fa000-0x000000007c000000) (7MB)
[    0.000000] efi: mem36: type=7, attr=0xf, range=[0x0000000100000000-0x0000000180000000) (2048MB)
[    0.000000] efi: mem37: type=12, attr=0x8000000000000001, range=[0x00000000e0000000-0x00000000e4000000) (64MB)
[    0.000000] efi: mem38: type=11, attr=0x8000000000000001, range=[0x00000000fea00000-0x00000000feb00000) (1MB)
[    0.000000] efi: mem39: type=11, attr=0x8000000000000001, range=[0x00000000fec00000-0x00000000fec01000) (0MB)
[    0.000000] efi: mem40: type=11, attr=0x8000000000000001, range=[0x00000000fed01000-0x00000000fed02000) (0MB)
[    0.000000] efi: mem41: type=11, attr=0x8000000000000001, range=[0x00000000fed03000-0x00000000fed04000) (0MB)
[    0.000000] efi: mem42: type=11, attr=0x8000000000000001, range=[0x00000000fed06000-0x00000000fed07000) (0MB)
[    0.000000] efi: mem43: type=11, attr=0x8000000000000001, range=[0x00000000fed08000-0x00000000fed0a000) (0MB)
[    0.000000] efi: mem44: type=11, attr=0x8000000000000001, range=[0x00000000fed1c000-0x00000000fed1d000) (0MB)
[    0.000000] efi: mem45: type=11, attr=0x8000000000000001, range=[0x00000000fed80000-0x00000000fedc0000) (0MB)
[    0.000000] efi: mem46: type=11, attr=0x8000000000000001, range=[0x00000000fee00000-0x00000000fee01000) (0MB)
[    0.000000] efi: mem47: type=11, attr=0x8000000000000001, range=[0x00000000ffa00000-0x0000000100000000) (6MB)
[    0.000000] SMBIOS 3.0 present.
[    0.000000] DMI: Default string Default string/Cherry Trail CR, BIOS 5.11 05/07/2016
[    0.000000] e820: update [mem 0x00000000-0x00000fff] usable ==> reserved
[    0.000000] e820: remove [mem 0x000a0000-0x000fffff] usable
[    0.000000] e820: last_pfn = 0x180000 max_arch_pfn = 0x400000000
[    0.000000] MTRR default type: uncachable
[    0.000000] MTRR fixed ranges enabled:
[    0.000000]   00000-9FFFF write-back
[    0.000000]   A0000-FFFFF write-protect
[    0.000000] MTRR variable ranges enabled:
[    0.000000]   0 base 000000000 mask F80000000 write-back
[    0.000000]   1 base 07E000000 mask FFE000000 uncachable
[    0.000000]   2 base 07D000000 mask FFF000000 uncachable
[    0.000000]   3 base 07C800000 mask FFF800000 uncachable
[    0.000000]   4 base 100000000 mask F80000000 write-back
[    0.000000]   5 base 07C400000 mask FFFC00000 uncachable
[    0.000000]   6 disabled
[    0.000000]   7 disabled
[    0.000000] x86 PAT enabled: cpu 0, old 0x7040600070406, new 0x7010600070106
[    0.000000] original variable MTRRs
[    0.000000] reg 0, base: 0GB, range: 2GB, type WB
[    0.000000] reg 1, base: 2016MB, range: 32MB, type UC
[    0.000000] reg 2, base: 2000MB, range: 16MB, type UC
[    0.000000] reg 3, base: 1992MB, range: 8MB, type UC
[    0.000000] reg 4, base: 4GB, range: 2GB, type WB
[    0.000000] reg 5, base: 1988MB, range: 4MB, type UC
[    0.000000] total RAM covered: 4036M
[    0.000000] Found optimal setting for mtrr clean up
[    0.000000]  gran_size: 64K 	chunk_size: 64M 	num_reg: 6  	lose cover RAM: 0G
[    0.000000] New variable MTRRs
[    0.000000] reg 0, base: 0GB, range: 2GB, type WB
[    0.000000] reg 1, base: 1988MB, range: 4MB, type UC
[    0.000000] reg 2, base: 1992MB, range: 8MB, type UC
[    0.000000] reg 3, base: 2000MB, range: 16MB, type UC
[    0.000000] reg 4, base: 2016MB, range: 32MB, type UC
[    0.000000] reg 5, base: 4GB, range: 2GB, type WB
[    0.000000] e820: update [mem 0x7c400000-0xffffffff] usable ==> reserved
[    0.000000] e820: last_pfn = 0x7c000 max_arch_pfn = 0x400000000
[    0.000000] Scanning 1 areas for low memory corruption
[    0.000000] Base memory trampoline at [ffff880000097000] 97000 size 28672
[    0.000000] init_memory_mapping: [mem 0x00000000-0x000fffff]
[    0.000000]  [mem 0x00000000-0x000fffff] page 4k
[    0.000000] BRK [0x026e6000, 0x026e6fff] PGTABLE
[    0.000000] BRK [0x026e7000, 0x026e7fff] PGTABLE
[    0.000000] BRK [0x026e8000, 0x026e8fff] PGTABLE
[    0.000000] init_memory_mapping: [mem 0x17fe00000-0x17fffffff]
[    0.000000]  [mem 0x17fe00000-0x17fffffff] page 2M
[    0.000000] BRK [0x026e9000, 0x026e9fff] PGTABLE
[    0.000000] init_memory_mapping: [mem 0x17c000000-0x17fdfffff]
[    0.000000]  [mem 0x17c000000-0x17fdfffff] page 2M
[    0.000000] init_memory_mapping: [mem 0x100000000-0x17bffffff]
[    0.000000]  [mem 0x100000000-0x17bffffff] page 2M
[    0.000000] BRK [0x026ea000, 0x026eafff] PGTABLE
[    0.000000] init_memory_mapping: [mem 0x00100000-0x1effffff]
[    0.000000]  [mem 0x00100000-0x001fffff] page 4k
[    0.000000]  [mem 0x00200000-0x1effffff] page 2M
[    0.000000] init_memory_mapping: [mem 0x20200000-0x5c3fffff]
[    0.000000]  [mem 0x20200000-0x5c3fffff] page 2M
[    0.000000] BRK [0x026eb000, 0x026ebfff] PGTABLE
[    0.000000] init_memory_mapping: [mem 0x5c800000-0x7ad00fff]
[    0.000000]  [mem 0x5c800000-0x7abfffff] page 2M
[    0.000000]  [mem 0x7ac00000-0x7ad00fff] page 4k
[    0.000000] init_memory_mapping: [mem 0x7b8fa000-0x7bffffff]
[    0.000000]  [mem 0x7b8fa000-0x7b9fffff] page 4k
[    0.000000]  [mem 0x7ba00000-0x7bffffff] page 2M
[    0.000000] RAMDISK: [mem 0x00100000-0x00457fff]
[    0.000000] ACPI: RSDP 000000007ad3b000 000024 (v02 ALASKA)
[    0.000000] ACPI: XSDT 000000007ad3b108 000194 (v01 ALASKA   A M I  01072009 AMI  00010013)
[    0.000000] ACPI: FACP 000000007ad57eb0 00010C (v05 ALASKA   A M I  01072009 AMI  00010013)
[    0.000000] ACPI: DSDT 000000007ad3b330 01CB7B (v02 ALASKA   A M I  01072009 INTL 20120913)
[    0.000000] ACPI: FACS 000000007b5b2f80 000040
[    0.000000] ACPI: APIC 000000007ad57fc0 000084 (v03 ALASKA   A M I  01072009 AMI  00010013)
[    0.000000] ACPI: FPDT 000000007ad58048 000044 (v01 ALASKA   A M I  01072009 AMI  00010013)
[    0.000000] ACPI: FIDT 000000007ad58090 00009C (v01 ALASKA   A M I  01072009 AMI  00010013)
[    0.000000] ACPI: MSDM 000000007ad58130 000055 (v03 ALASKA   A M I  01072009 AMI  00010013)
[    0.000000] ACPI: MCFG 000000007ad58188 00003C (v01 ALASKA   A M I  01072009 MSFT 00000097)
[    0.000000] ACPI: SSDT 000000007ad581c8 0041C7 (v01 DptfTb  DptfTab 00001000 INTL 20120913)
[    0.000000] ACPI: SSDT 000000007ad5c390 000654 (v01 CpuDpf  CpuDptf 00001000 INTL 20120913)
[    0.000000] ACPI: SSDT 000000007ad5c9e8 000058 (v01  LowPM  LowPwrM 00001000 INTL 20120913)
[    0.000000] ACPI: UEFI 000000007ad5ca40 000042 (v01 ALASKA   A M I  00000000      00000000)
[    0.000000] ACPI: SSDT 000000007ad5ca88 000269 (v01 UsbCTb  UsbCTab 00001000 INTL 20120913)
[    0.000000] ACPI: HPET 000000007ad5ccf8 000038 (v01 ALASKA   A M I  01072009 AMI. 00000005)
[    0.000000] ACPI: SSDT 000000007ad5cd30 000763 (v01  PmRef    CpuPm 00003000 INTL 20120913)
[    0.000000] ACPI: SSDT 000000007ad5d498 000290 (v01  PmRef  Cpu0Tst 00003000 INTL 20120913)
[    0.000000] ACPI: SSDT 000000007ad5d728 00017A (v01  PmRef    ApTst 00003000 INTL 20120913)
[    0.000000] ACPI: SSDT 000000007ad5d8a8 00043A (v01 Intel_ Tpm2Tabl 00001000 INTL 20120913)
[    0.000000] ACPI: TPM2 000000007ad5dce8 000034 (v03                 00000000      00000000)
[    0.000000] ACPI: LPIT 000000007ad5dd20 000104 (v01 ALASKA   A M I  00000005 MSFT 0100000D)
[    0.000000] ACPI: BCFG 000000007ad5de28 000139 (v01 INTEL  BATTCONF 00000001 ACPI 00000000)
[    0.000000] ACPI: PRAM 000000007ad5df68 000030 (v01                 00000001      00000000)
[    0.000000] ACPI: BGRT 000000007ad5df98 000038 (v01 ALASKA   A M I  01072009 AMI  00010013)
[    0.000000] ACPI: CSRT 000000007ad5dfd0 00014C (v00 INTEL  LANFORDC 00000005 MSFT 0100000D)
[    0.000000] ACPI: BCFG 000000007ad5e120 000139 (v01 INTEL  BATTCONF 00000001 ACPI 00000000)
[    0.000000] ACPI: OEM0 000000007ad5e260 000084 (v05 INTEL  BATTERY  00000005 ACPI 00000000)
[    0.000000] ACPI: OEM1 000000007ad5e2e8 000040 (v01 INTEL  ENRGYMGT 00000005 ACPI 0100000D)
[    0.000000] ACPI: PIDV 000000007ad5e328 0000DC (v02                 00000002      00000000)
[    0.000000] ACPI: RSCI 000000007ad5e408 00002C (v01 INTEL  BOOTSRC  00000000      00000000)
[    0.000000] ACPI: WDAT 000000007ad5e438 000104 (v01                 00000000      00000000)
[    0.000000] ACPI: BCFG 000000007ad5e540 000139 (v01 INTEL  BATTCONF 00000001 ACPI 00000000)
[    0.000000] ACPI: OEM0 000000007ad5e680 000084 (v05 INTEL  BATTERY  00000005 ACPI 00000000)
[    0.000000] ACPI: OEM1 000000007ad5e708 000040 (v01 INTEL  ENRGYMGT 00000005 ACPI 0100000D)
[    0.000000] ACPI: PIDV 000000007ad5e748 0000DC (v02                 00000002      00000000)
[    0.000000] ACPI: RSCI 000000007ad5e828 00002C (v01 INTEL  BOOTSRC  00000000      00000000)
[    0.000000] ACPI: WDAT 000000007ad5e858 000104 (v01                 00000000      00000000)
[    0.000000] ACPI: BCFG 000000007ad5e960 000139 (v01 INTEL  BATTCONF 00000001 ACPI 00000000)
[    0.000000] ACPI: OEM0 000000007ad5eaa0 000084 (v05 INTEL  BATTERY  00000005 ACPI 00000000)
[    0.000000] ACPI: OEM1 000000007ad5eb28 000040 (v01 INTEL  ENRGYMGT 00000005 ACPI 0100000D)
[    0.000000] ACPI: PIDV 000000007ad5eb68 0000DC (v02                 00000002      00000000)
[    0.000000] ACPI: RSCI 000000007ad5ec48 00002C (v01 INTEL  BOOTSRC  00000000      00000000)
[    0.000000] ACPI: WDAT 000000007ad5ec78 000104 (v01                 00000000      00000000)
[    0.000000] ACPI: BCFG 000000007ad5ed80 000139 (v01 INTEL  BATTCONF 00000001 ACPI 00000000)
[    0.000000] ACPI: OEM0 000000007ad5eec0 000084 (v05 INTEL  BATTERY  00000005 ACPI 00000000)
[    0.000000] ACPI: OEM1 000000007ad5ef48 000040 (v01 INTEL  ENRGYMGT 00000005 ACPI 0100000D)
[    0.000000] ACPI: PIDV 000000007ad5ef88 0000DC (v02                 00000002      00000000)
[    0.000000] ACPI: RSCI 000000007ad5f068 00002C (v01 INTEL  BOOTSRC  00000000      00000000)
[    0.000000] ACPI: WDAT 000000007ad5f098 000104 (v01                 00000000      00000000)
[    0.000000] ACPI: Local APIC address 0xfee00000
[    0.000000]  [ffffea0000000000-ffffea0005ffffff] PMD -> [ffff88017b600000-ffff88017f5fffff] on node 0
[    0.000000] Zone ranges:
[    0.000000]   DMA      [mem 0x00001000-0x00ffffff]
[    0.000000]   DMA32    [mem 0x01000000-0xffffffff]
[    0.000000]   Normal   [mem 0x100000000-0x17fffffff]
[    0.000000] Movable zone start for each node
[    0.000000] Early memory node ranges
[    0.000000]   node   0: [mem 0x00001000-0x0008efff]
[    0.000000]   node   0: [mem 0x00090000-0x0009dfff]
[    0.000000]   node   0: [mem 0x00100000-0x1effffff]
[    0.000000]   node   0: [mem 0x20200000-0x5c3fffff]
[    0.000000]   node   0: [mem 0x5c800000-0x7ad00fff]
[    0.000000]   node   0: [mem 0x7b8fa000-0x7bffffff]
[    0.000000]   node   0: [mem 0x100000000-0x17fffffff]
[    0.000000] On node 0 totalpages: 1023395
[    0.000000]   DMA zone: 64 pages used for memmap
[    0.000000]   DMA zone: 878 pages reserved
[    0.000000]   DMA zone: 3996 pages, LIFO batch:0
[    0.000000]   DMA32 zone: 7737 pages used for memmap
[    0.000000]   DMA32 zone: 495111 pages, LIFO batch:31
[    0.000000]   Normal zone: 8192 pages used for memmap
[    0.000000]   Normal zone: 524288 pages, LIFO batch:31
[    0.000000] x86/hpet: Will disable the HPET for this platform because it's not reliable
[    0.000000] Reserving Intel graphics stolen memory at 0x7ce00000-0x7edfffff
[    0.000000] ACPI: PM-Timer IO Port: 0x408
[    0.000000] ACPI: Local APIC address 0xfee00000
[    0.000000] ACPI: LAPIC (acpi_id[0x01] lapic_id[0x00] enabled)
[    0.000000] ACPI: LAPIC (acpi_id[0x02] lapic_id[0x02] enabled)
[    0.000000] ACPI: LAPIC (acpi_id[0x03] lapic_id[0x04] enabled)
[    0.000000] ACPI: LAPIC (acpi_id[0x04] lapic_id[0x06] enabled)
[    0.000000] ACPI: LAPIC_NMI (acpi_id[0x01] high edge lint[0x1])
[    0.000000] ACPI: LAPIC_NMI (acpi_id[0x02] high edge lint[0x1])
[    0.000000] ACPI: LAPIC_NMI (acpi_id[0x03] high edge lint[0x1])
[    0.000000] ACPI: LAPIC_NMI (acpi_id[0x04] high edge lint[0x1])
[    0.000000] ACPI: IOAPIC (id[0x01] address[0xfec00000] gsi_base[0])
[    0.000000] IOAPIC[0]: apic_id 1, version 32, address 0xfec00000, GSI 0-114
[    0.000000] ACPI: INT_SRC_OVR (bus 0 bus_irq 0 global_irq 2 dfl dfl)
[    0.000000] ACPI: INT_SRC_OVR (bus 0 bus_irq 9 global_irq 9 high level)
[    0.000000] ACPI: IRQ0 used by override.
[    0.000000] ACPI: IRQ2 used by override.
[    0.000000] ACPI: IRQ9 used by override.
[    0.000000] Using ACPI (MADT) for SMP configuration information
[    0.000000] ACPI: HPET id: 0x8086a201 base: 0xfed00000
[    0.000000] smpboot: Allowing 4 CPUs, 0 hotplug CPUs
[    0.000000] nr_irqs_gsi: 131
[    0.000000] e820: [mem 0x7ee00000-0xdfffffff] available for PCI devices
[    0.000000] setup_percpu: NR_CPUS:4 nr_cpumask_bits:4 nr_cpu_ids:4 nr_node_ids:1
[    0.000000] PERCPU: Embedded 26 pages/cpu @ffff88017fc00000 s77312 r8192 d20992 u524288
[    0.000000] pcpu-alloc: s77312 r8192 d20992 u524288 alloc=1*2097152
[    0.000000] pcpu-alloc: [0] 0 1 2 3 
[    0.000000] Built 1 zonelists in Zone order, mobility grouping on.  Total pages: 1006524
[    0.000000] Kernel command line: console=tty0 shutdown_reason=no_applicable watchdog_reset_reason=security_watchdog androidboot.bootreason=reboot androidboot.serialno=0123456789ABCDEF g_ffs.iSerialNumber=0123456789ABCDEF loglevel=5 androidboot.hardware=cht_cr_mrd_w firmware_class.path=/system/etc/firmware i915.fastboot=1 memmap=4M$0x5c400000 vga=current i915.modeset=1 drm.vblankoffdelay=1 enforcing=0 androidboot.selinux=permissive console=ttyS0,115200n8 bootboost=1 pm_suspend_debug=1 pstore.backend=ramoops
[    0.000000] PID hash table entries: 4096 (order: 3, 32768 bytes)
[    0.000000] Dentry cache hash table entries: 524288 (order: 10, 4194304 bytes)
[    0.000000] Inode-cache hash table entries: 262144 (order: 9, 2097152 bytes)
[    0.000000] Memory: 3867396K/4093580K available (10301K kernel code, 2201K rwdata, 4880K rodata, 1368K init, 1408K bss, 226184K reserved)
[    0.000000] SLUB: HWalign=64, Order=0-3, MinObjects=0, CPUs=4, Nodes=1
[    0.000000] Preemptible hierarchical RCU implementation.
[    0.000000] 	RCU dyntick-idle grace-period acceleration is enabled.
[    0.000000] 	Additional per-CPU info printed with stalls.
[    0.000000] NR_IRQS:4352 nr_irqs:1024 16
[    0.000000] console [ttyS0] enabled
[    0.000000] allocated 16777216 bytes of page_cgroup
[    0.000000] please try 'cgroup_disable=memory' option if you don't want memory cgroups
[    0.000000] kmemleak: Kernel memory leak detector disabled
[    0.000000] tsc: Fast TSC calibration failed
[    0.000000] tsc: PIT calibration matches PMTIMER. 1 loops
[    0.000000] tsc: Detected 1439.971 MHz processor
[    0.000061] Calibrating delay loop (skipped), value calculated using timer frequency.. 2879.94 BogoMIPS (lpj=1439971)
[    0.000071] pid_max: default: 32768 minimum: 301
[    0.000109] ACPI: Core revision 20131218
[    0.054867] ACPI: All ACPI Tables successfully acquired
[    0.056273] Security Framework initialized
[    0.056290] SELinux:  Initializing.
[    0.056315] SELinux:  Starting in permissive mode
[    0.056348] Mount-cache hash table entries: 8192 (order: 4, 65536 bytes)
[    0.056354] Mountpoint-cache hash table entries: 8192 (order: 4, 65536 bytes)
[    0.056901] Initializing cgroup subsys memory
[    0.056916] Initializing cgroup subsys freezer
[    0.056972] CPU: Physical Processor ID: 0
[    0.056977] CPU: Processor Core ID: 0
[    0.056985] ENERGY_PERF_BIAS: Set to 'normal', was 'performance'
[    0.056985] ENERGY_PERF_BIAS: View and update with x86_energy_perf_policy(8)
[    0.077137] mce: CPU supports 6 MCE banks
[    0.077152] CPU0: Thermal monitoring enabled (TM1)
[    0.077166] Last level iTLB entries: 4KB 48, 2MB 0, 4MB 0
[    0.077166] Last level dTLB entries: 4KB 256, 2MB 16, 4MB 16, 1GB 0
[    0.077166] tlb_flushall_shift: 6
[    0.077380] Freeing SMP alternatives memory: 28K (ffffffff8257e000 - ffffffff82585000)
[    0.082181] ftrace: allocating 36586 entries in 143 pages
[    0.114997] ..TIMER: vector=0x30 apic1=0 pin1=2 apic2=0 pin2=0
[    0.125009] smpboot: CPU0: Intel(R) Atom(TM) x5-Z8300  CPU @ 1.44GHz (fam: 06, model: 4c, stepping: 03)
[    0.125051] TSC deadline timer enabled
[    0.125076] Performance Events: PEBS fmt2+, 8-deep LBR, Silvermont events, full-width counters, Intel PMU driver.
[    0.125099] ... version:                3
[    0.125103] ... bit width:              40
[    0.125106] ... generic registers:      2
[    0.125109] ... value mask:             000000ffffffffff
[    0.125113] ... max period:             000000ffffffffff
[    0.125116] ... fixed-purpose events:   3
[    0.125119] ... event mask:             0000000700000003
[    0.129123] ftrace: Allocated trace_printk buffers
[    0.133950] EM:OEM0  table found, size=132
[    0.137587] x86: Booting SMP configuration:
[    0.137595] .... node  #0, CPUs:      #1
[    0.154408] NMI watchdog: enabled on all CPUs, permanently consumes one hw-PMU counter.
[    0.156654]  #2 #3
[    0.192295] Skipped synchronization checks as TSC is reliable.
[    0.192377] x86: Booted up 1 node, 4 CPUs
[    0.192385] smpboot: Total of 4 processors activated (11519.76 BogoMIPS)
[    0.193716] devtmpfs: initialized
[    0.194884] PM: Registering ACPI NVS region [mem 0x0008f000-0x0008ffff] (4096 bytes)
[    0.194891] PM: Registering ACPI NVS region [mem 0x7ad60000-0x7b5b2fff] (8728576 bytes)
[    0.198447] pinctrl core: initialized pinctrl subsystem
[    0.199017] regulator-dummy: no parameters
[    0.199191] RTC time: 10:23:51, date: 03/07/18
[    0.199314] NET: Registered protocol family 16
[    0.200936] cpuidle: using governor ladder
[    0.200944] cpuidle: using governor menu
[    0.201302] ACPI: bus type PCI registered
[    0.201309] acpiphp: ACPI Hot Plug PCI Controller Driver version: 0.5
[    0.201926] PCI: MMCONFIG for domain 0000 [bus 00-ff] at [mem 0xe0000000-0xefffffff] (base 0xe0000000)
[    0.201936] PCI: MMCONFIG at [mem 0xe0000000-0xefffffff] reserved in E820
[    0.201943] PCI: MMCONFIG for 0000 [bus00-3f] at [mem 0xe0000000-0xe3ffffff] (base 0xe0000000) (size reduced!)
[    0.202131] PCI: Using configuration type 1 for base access
[    0.247251] bio: create slab <bio-0> at 0
[    0.248173] ACPI: Added _OSI(Module Device)
[    0.248180] ACPI: Added _OSI(Processor Device)
[    0.248185] ACPI: Added _OSI(3.0 _SCP Extensions)
[    0.248189] ACPI: Added _OSI(Processor Aggregator Device)
[    0.300442] ACPI: SSDT 000000007ad2b618 00057B (v01  PmRef  Cpu0Ist 00003000 INTL 20120913)
[    0.303358] ACPI: Dynamic OEM Table Load:
[    0.303367] ACPI: SSDT           (null) 00057B (v01  PmRef  Cpu0Ist 00003000 INTL 20120913)
[    0.303652] ACPI: SSDT 000000007ad2bc18 0003A5 (v01  PmRef  Cpu0Cst 00003001 INTL 20120913)
[    0.306541] ACPI: Dynamic OEM Table Load:
[    0.306549] ACPI: SSDT           (null) 0003A5 (v01  PmRef  Cpu0Cst 00003001 INTL 20120913)
[    0.307274] ACPI: SSDT 000000007ad2de18 00015F (v01  PmRef    ApIst 00003000 INTL 20120913)
[    0.310223] ACPI: Dynamic OEM Table Load:
[    0.310231] ACPI: SSDT           (null) 00015F (v01  PmRef    ApIst 00003000 INTL 20120913)
[    0.310464] ACPI: SSDT 000000007ad2cf18 00008D (v01  PmRef    ApCst 00003000 INTL 20120913)
[    0.313362] ACPI: Dynamic OEM Table Load:
[    0.313370] ACPI: SSDT           (null) 00008D (v01  PmRef    ApCst 00003000 INTL 20120913)
[    0.316345] ACPI: Interpreter enabled
[    0.316364] ACPI Exception: AE_NOT_FOUND, While evaluating Sleep State [\_S1_] (20131218/hwxface-580)
[    0.316378] ACPI Exception: AE_NOT_FOUND, While evaluating Sleep State [\_S2_] (20131218/hwxface-580)
[    0.316391] ACPI Exception: AE_NOT_FOUND, While evaluating Sleep State [\_S3_] (20131218/hwxface-580)
[    0.316414] ACPI: (supports S0 S5 S0idle)
[    0.316420] ACPI: Using IOAPIC for interrupt routing
[    0.316688] PCI: Using host bridge windows from ACPI; if necessary, use "pci=nocrs" and report a bug
[    0.317787] ACPI: No dock devices found.
[    0.319888] ACPI: Power Resource [P06X] (off)
[    0.324081] ACPI: Power Resource [ID3C] (on)
[    0.330536] ACPI: Power Resource [USBC] (on)
[    0.333346] ACPI: Power Resource [WWPR] (off)
[    0.334530] ACPI: Power Resource [WWPR] (off)
[    0.337044] ACPI: Power Resource [WWPR] (off)
[    0.338303] ACPI: Power Resource [WWPR] (off)
[    0.339500] ACPI: Power Resource [WWPR] (off)
[    0.340835] ACPI: Power Resource [WWPR] (off)
[    0.362012] ACPI: Power Resource [CLK2] (on)
[    0.362674] ACPI: Power Resource [CLK4] (on)
[    0.363148] ACPI: Power Resource [P28P] (off)
[    0.363381] ACPI: Power Resource [P18P] (off)
[    0.367987] ACPI: \_SB_.PCI0.I2C1.BATC: is added to dep device list.
[    0.368714] ACPI: Power Resource [CLK3] (on)
[    0.368932] ACPI: Power Resource [CLK4] (on)
[    0.377869] ACPI: Power Resource [CLK2] (on)
[    0.378109] ACPI: Power Resource [CLK1] (on)
[    0.381899] ACPI: Power Resource [CLK0] (on)
[    0.382127] ACPI: Power Resource [CLK1] (on)
[    0.385102] ACPI: Power Resource [CLK5] (off)
[    0.391415] ACPI: \_SB_.PCI0.I2C7.BATC: is added to dep device list.
[    0.405456] ACPI: Power Resource [P28X] (off)
[    0.405699] ACPI: Power Resource [P18X] (off)
[    0.405950] ACPI: Power Resource [P12X] (off)
[    0.406188] ACPI: Power Resource [P12P] (off)
[    0.406408] ACPI: Power Resource [P19X] (off)
[    0.406675] ACPI: Power Resource [P12A] (off)
[    0.406911] ACPI: Power Resource [P28T] (off)
[    0.407135] ACPI: Power Resource [P18D] (off)
[    0.407352] ACPI: Power Resource [P18T] (off)
[    0.407581] ACPI: Power Resource [P3P3] (off)
[    0.407817] ACPI: Power Resource [P12T] (off)
[    0.408044] ACPI: Power Resource [P28W] (off)
[    0.408264] ACPI: Power Resource [P18W] (off)
[    0.408487] ACPI: Power Resource [P12W] (off)
[    0.408736] ACPI: Power Resource [P33W] (off)
[    0.408998] ACPI: Power Resource [P33X] (off)
[    0.409222] ACPI: Power Resource [P4BW] (off)
[    0.423218] ACPI: PCI Root Bridge [PCI0] (domain 0000 [bus 00-ff])
[    0.423237] acpi PNP0A08:00: _OSC: OS supports [ExtendedConfig ASPM ClockPM Segments MSI]
[    0.423902] acpi PNP0A08:00: _OSC: OS now controls [PCIeHotplug PME AER PCIeCapability]
[    0.424788] acpi PNP0A08:00: [Firmware Info]: MMCONFIG for domain 0000 [bus 00-3f] only partially covers this bridge
[    0.425695] PCI host bridge to bus 0000:00
[    0.425706] pci_bus 0000:00: root bus resource [bus 00-ff]
[    0.425712] pci_bus 0000:00: root bus resource [io  0x0000-0x006f]
[    0.425718] pci_bus 0000:00: root bus resource [io  0x0078-0x0cf7]
[    0.425723] pci_bus 0000:00: root bus resource [io  0x0d00-0xffff]
[    0.425729] pci_bus 0000:00: root bus resource [mem 0x000a0000-0x000bffff]
[    0.425735] pci_bus 0000:00: root bus resource [mem 0x000c0000-0x000dffff]
[    0.425740] pci_bus 0000:00: root bus resource [mem 0x000e0000-0x000fffff]
[    0.425746] pci_bus 0000:00: root bus resource [mem 0x20000000-0x201fffff]
[    0.425751] pci_bus 0000:00: root bus resource [mem 0x7ce00001-0x7ee00000]
[    0.425757] pci_bus 0000:00: root bus resource [mem 0x80000000-0xdfffffff]
[    0.425786] pci 0000:00:00.0: [8086:2280] type 00 class 0x060000
[    0.426378] pci 0000:00:02.0: [8086:22b0] type 00 class 0x030000
[    0.426427] pci 0000:00:02.0: reg 0x10: [mem 0x90000000-0x90ffffff 64bit]
[    0.426454] pci 0000:00:02.0: reg 0x18: [mem 0x80000000-0x8fffffff 64bit pref]
[    0.426472] pci 0000:00:02.0: reg 0x20: [io  0xf000-0xf03f]
[    0.427009] pci 0000:00:03.0: [8086:22b8] type 00 class 0x048000
[    0.427041] pci 0000:00:03.0: reg 0x10: [mem 0x91000000-0x913fffff]
[    0.427575] pci 0000:00:0b.0: [8086:22dc] type 00 class 0x118000
[    0.427614] pci 0000:00:0b.0: reg 0x10: [mem 0x91a3d000-0x91a3dfff 64bit]
[    0.428247] pci 0000:00:14.0: [8086:22b5] type 00 class 0x0c0330
[    0.428295] pci 0000:00:14.0: reg 0x10: [mem 0x91a00000-0x91a0ffff 64bit]
[    0.428428] pci 0000:00:14.0: PME# supported from D3hot D3cold
[    0.428682] pci 0000:00:14.0: System wakeup disabled by ACPI
[    0.428917] pci 0000:00:16.0: [8086:22b7] type 00 class 0x0c03fe
[    0.428949] pci 0000:00:16.0: reg 0x10: [mem 0x91400000-0x915fffff]
[    0.429074] pci 0000:00:16.0: PME# supported from D0 D3hot
[    0.429509] pci 0000:00:1a.0: [8086:2298] type 00 class 0x108000
[    0.429545] pci 0000:00:1a.0: reg 0x10: [mem 0x91900000-0x919fffff]
[    0.429564] pci 0000:00:1a.0: reg 0x14: [mem 0x91800000-0x918fffff]
[    0.429694] pci 0000:00:1a.0: PME# supported from D0 D3hot
[    0.430166] pci 0000:00:1f.0: [8086:229c] type 00 class 0x060100
[    0.430707] pci_bus 0000:00: on NUMA node 0
[    0.445669] ACPI: PCI Interrupt Link [LNKA] (IRQs 3 4 5 6 10 11 12 14 15) *0, disabled.
[    0.445865] ACPI: PCI Interrupt Link [LNKB] (IRQs 3 4 5 6 10 11 12 14 15) *0, disabled.
[    0.446071] ACPI: PCI Interrupt Link [LNKC] (IRQs 3 4 5 6 10 11 12 14 15) *0, disabled.
[    0.446270] ACPI: PCI Interrupt Link [LNKD] (IRQs 3 4 5 6 10 11 12 14 15) *0, disabled.
[    0.446461] ACPI: PCI Interrupt Link [LNKE] (IRQs 3 4 5 6 10 11 12 14 15) *0, disabled.
[    0.446661] ACPI: PCI Interrupt Link [LNKF] (IRQs 3 4 5 6 10 11 12 14 15) *0, disabled.
[    0.446850] ACPI: PCI Interrupt Link [LNKG] (IRQs 3 4 5 6 10 11 12 14 15) *0, disabled.
[    0.447062] ACPI: PCI Interrupt Link [LNKH] (IRQs 3 4 5 6 10 11 12 14 15) *0, disabled.
[    0.450844] ACPI: Enabled 1 GPEs in block 00 to 3F
[    0.451430] dw_dmac 80862286:00: DesignWare DMA Controller, 8 channels
[    0.453078] dw_dmac 808622C0:00: DesignWare DMA Controller, 8 channels
[    0.455342] vgaarb: device added: PCI:0000:00:02.0,decodes=io+mem,owns=io+mem,locks=none
[    0.455353] vgaarb: loaded
[    0.455357] vgaarb: bridge control possible 0000:00:02.0
[    0.455635] pwm-byt-plat 80862288:00: PWM device probed: pwm_num=0, mmio_base=ffffc90000074000 clk_khz=19200
[    0.455917] pwm-byt-plat 80862289:00: PWM device probed: pwm_num=1, mmio_base=ffffc90000076000 clk_khz=19200
[    0.456715] SCSI subsystem initialized
[    0.457139] libata version 3.00 loaded.
[    0.465960] ACPI: bus type USB registered
[    0.466233] usbcore: registered new interface driver usbfs
[    0.466418] usbcore: registered new interface driver hub
[    0.466605] usbcore: registered new device driver usb
[    0.467419] media: Linux media interface: v0.10
[    0.467547] Linux video capture interface: v2.00
[    0.467763] pps_core: LinuxPPS API ver. 1 registered
[    0.467769] pps_core: Software ver. 5.3.6 - Copyright 2005-2007 Rodolfo Giometti <giometti@linux.it>
[    0.467877] PTP clock support registered
[    0.468950] Advanced Linux Sound Architecture Driver Initialized.
[    0.468957] PCI: Using ACPI for IRQ routing
[    0.471745] PCI: pci_cache_line_size set to 64 bytes
[    0.471800] Expanded resource reserved due to conflict with PCI Bus 0000:00
[    0.471807] e820: reserve RAM buffer [mem 0x0008f000-0x0008ffff]
[    0.471814] e820: reserve RAM buffer [mem 0x0009e000-0x0009ffff]
[    0.471819] e820: reserve RAM buffer [mem 0x1f000000-0x1fffffff]
[    0.471823] e820: reserve RAM buffer [mem 0x5c400000-0x5fffffff]
[    0.471827] e820: reserve RAM buffer [mem 0x7ad01000-0x7bffffff]
[    0.473295] Switched to clocksource refined-jiffies
[    0.503836] pnp: PnP ACPI init
[    0.503891] ACPI: bus type PNP registered
[    0.504333] pnp 00:00: Plug and Play ACPI device, IDs INT0800 (active)
[    0.504573] system 00:01: [io  0x0680-0x069f] has been reserved
[    0.504582] system 00:01: [io  0x0400-0x047f] has been reserved
[    0.504588] system 00:01: [io  0x0500-0x05fe] has been reserved
[    0.504598] system 00:01: Plug and Play ACPI device, IDs PNP0c02 (active)
[    0.504913] pnp 00:02: Plug and Play ACPI device, IDs PNP0501 (active)
[    0.507735] pnp 00:03: Plug and Play ACPI device, IDs OVB2680 (active)
[    0.509868] pnp 00:04: Plug and Play ACPI device, IDs INT33f4 (active)
[    0.512741] system 00:05: [mem 0x91a3b000-0x91a3bfff] has been reserved
[    0.512751] system 00:05: [mem 0x91a39000-0x91a39fff] has been reserved
[    0.512758] system 00:05: [mem 0x91a37000-0x91a37fff] has been reserved
[    0.512765] system 00:05: [mem 0x91a26000-0x91a26fff] has been reserved
[    0.512771] system 00:05: [mem 0x91a24000-0x91a24fff] has been reserved
[    0.512778] system 00:05: [mem 0x91a22000-0x91a22fff] has been reserved
[    0.512784] system 00:05: [mem 0x91a20000-0x91a20fff] has been reserved
[    0.512790] system 00:05: [mem 0x91a1e000-0x91a1efff] has been reserved
[    0.512797] system 00:05: [mem 0x91a1c000-0x91a1cfff] has been reserved
[    0.512803] system 00:05: [mem 0x91a1a000-0x91a1afff] has been reserved
[    0.512810] system 00:05: [mem 0x91a18000-0x91a18fff] has been reserved
[    0.512816] system 00:05: [mem 0x91a35000-0x91a35fff] has been reserved
[    0.512823] system 00:05: [mem 0x91a33000-0x91a33fff] has been reserved
[    0.512829] system 00:05: [mem 0x91a31000-0x91a31fff] has been reserved
[    0.512836] system 00:05: [mem 0x91a2f000-0x91a2ffff] has been reserved
[    0.512842] system 00:05: [mem 0x91a2d000-0x91a2dfff] has been reserved
[    0.512849] system 00:05: [mem 0x91a2b000-0x91a2bfff] has been reserved
[    0.512855] system 00:05: [mem 0x91a29000-0x91a29fff] has been reserved
[    0.512862] system 00:05: [mem 0x91a27000-0x91a27fff] has been reserved
[    0.512872] system 00:05: Plug and Play ACPI device, IDs PNP0c02 (active)
[    0.513296] system 00:06: [mem 0xe0000000-0xefffffff] could not be reserved
[    0.513305] system 00:06: [mem 0xfea00000-0xfeafffff] has been reserved
[    0.513312] system 00:06: [mem 0xfed01000-0xfed01fff] has been reserved
[    0.513318] system 00:06: [mem 0xfed03000-0xfed03fff] has been reserved
[    0.513325] system 00:06: [mem 0xfed06000-0xfed06fff] has been reserved
[    0.513331] system 00:06: [mem 0xfed08000-0xfed09fff] has been reserved
[    0.513337] system 00:06: [mem 0xfed80000-0xfedbffff] has been reserved
[    0.513344] system 00:06: [mem 0xfed1c000-0xfed1cfff] has been reserved
[    0.513350] system 00:06: [mem 0xfee00000-0xfeefffff] could not be reserved
[    0.513360] system 00:06: Plug and Play ACPI device, IDs PNP0c02 (active)
[    0.513989] pnp 00:07: Plug and Play ACPI device, IDs PNP0b00 (active)
[    0.514312] pnp 00:08: Plug and Play ACPI device, IDs PNP0103 (active)
[    0.515167] chv_gpio 00:09: Cherryview GPIO GPO0 probed
[    0.515180] chv_gpio 00:09: Plug and Play ACPI device, IDs INT33ff (active)
[    0.515934] chv_gpio 00:0a: Cherryview GPIO GPO1 probed
[    0.515947] chv_gpio 00:0a: Plug and Play ACPI device, IDs INT33ff (active)
[    0.516561] chv_gpio 00:0b: Cherryview GPIO GPO2 probed
[    0.516573] chv_gpio 00:0b: Plug and Play ACPI device, IDs INT33ff (active)
[    0.517337] chv_gpio 00:0c: Cherryview GPIO GPO3 probed
[    0.517350] chv_gpio 00:0c: Plug and Play ACPI device, IDs INT33ff (active)
[    0.518083] chv_gpio 00:0d: Cherryview GPIO GPO4 probed
[    0.518096] chv_gpio 00:0d: Plug and Play ACPI device, IDs INT33ff (active)
[    0.518773] pnp 00:0e: Plug and Play ACPI device, IDs INTcfd9 PNP0c40 (active)
[    0.519034] pnp 00:0f: Plug and Play ACPI device, IDs INT33bd (active)
[    0.520204] pnp: PnP ACPI: found 16 devices
[    0.520210] ACPI: bus type PNP unregistered
[    0.522546] register_psy_notifier
[    0.527318] Switched to clocksource acpi_pm
[    0.527594] usb_otg_port INT3496:00: cannot request USB USB MUX, skipping it.
[    0.534752] usb_otg_port INT3496:00: USB PORT ID: PERIPHERAL
[    0.534774] usb_otg_port INT3496:00: driver successfully probed
[    0.534991] pci_bus 0000:00: resource 4 [io  0x0000-0x006f]
[    0.534999] pci_bus 0000:00: resource 5 [io  0x0078-0x0cf7]
[    0.535004] pci_bus 0000:00: resource 6 [io  0x0d00-0xffff]
[    0.535010] pci_bus 0000:00: resource 7 [mem 0x000a0000-0x000bffff]
[    0.535016] pci_bus 0000:00: resource 8 [mem 0x000c0000-0x000dffff]
[    0.535021] pci_bus 0000:00: resource 9 [mem 0x000e0000-0x000fffff]
[    0.535027] pci_bus 0000:00: resource 10 [mem 0x20000000-0x201fffff]
[    0.535033] pci_bus 0000:00: resource 11 [mem 0x7ce00001-0x7ee00000]
[    0.535038] pci_bus 0000:00: resource 12 [mem 0x80000000-0xdfffffff]
[    0.535122] NET: Registered protocol family 2
[    0.535628] TCP established hash table entries: 32768 (order: 6, 262144 bytes)
[    0.535769] TCP bind hash table entries: 32768 (order: 8, 1048576 bytes)
[    0.536233] TCP: Hash tables configured (established 32768 bind 32768)
[    0.536392] TCP: reno registered
[    0.536420] UDP hash table entries: 2048 (order: 5, 196608 bytes)
[    0.536527] UDP-Lite hash table entries: 2048 (order: 5, 196608 bytes)
[    0.536820] NET: Registered protocol family 1
[    0.536994] platform RTL8723:00: wlan-enable GPIO 393 found
[    0.537622] wlan_en_acpi: at 1800 mV 
[    0.541272] intel_setup_crystal_cove_sd_regulators: sd_vsdio gpio 313
[    0.541539] intel_setup_crystal_cove_sd_regulators: sd_vsdcard gpio 306
[    0.541567] pci 0000:00:02.0: Boot video device
[    0.542052] PCI: CLS 64 bytes, default 64
[    0.544405] ACPI: \_SB_.PCI0.I2C1.BATC: Device_STA 0x00
[    0.544468] ACPI: \_SB_.PCI0.I2C7.BATC: Device_STA 0x00
[    0.545784] ACPI: \_SB_.PCI0.I2C1.BATC: Device_STA 0x00
[    0.545844] ACPI: \_SB_.PCI0.I2C7.BATC: Device_STA 0x00
[    0.547391] ACPI: \_SB_.PCI0.I2C1.BATC: Device_STA 0x00
[    0.547451] ACPI: \_SB_.PCI0.I2C7.BATC: Device_STA 0x00
[    0.548579] ACPI: \_SB_.PCI0.I2C1.BATC: Device_STA 0x00
[    0.548637] ACPI: \_SB_.PCI0.I2C7.BATC: Device_STA 0x00
[    0.549476] ACPI: \_SB_.PCI0.I2C1.BATC: Device_STA 0x00
[    0.549535] ACPI: \_SB_.PCI0.I2C7.BATC: Device_STA 0x00
[    0.550292] ACPI: \_SB_.PCI0.I2C1.BATC: Device_STA 0x00
[    0.550386] ACPI: \_SB_.PCI0.I2C7.BATC: Device_STA 0x00
[    0.550639] i2c_designware 808622C1:06: _SEM=1
[    0.550646] i2c_designware 808622C1:06: Share controller with PUNIT
[    0.552913] Dollar Cove: IC_TYPE 0x51
[    0.553072] EM:OEM1  table found, size=64
[    0.553081] dc_xpwr_get_acpi_cdata: BCFG table found, size=313
[    0.553084] dc_xpwr_get_acpi_cdata: battid and fg_name mismatch!!!
[    0.560024] dc_xpwr_get_fg_config_data: Loading default fg config.
[    0.601226] intel_soc_pmic_i2c i2c-INT33F4:00: PMIC IRQ Base:456
[    0.604500] ACPI: \_SB_.PCI0.I2C1.BATC: Device_STA 0x00
[    0.604563] ACPI: \_SB_.PCI0.I2C7.BATC: Device_STA 0x00
[    0.604887] Trying to unpack rootfs image as initramfs...
[    0.749908] Freeing initrd memory: 3424K (ffff880000100000 - ffff880000458000)
[    0.749924] PCI-DMA: Using software bounce buffering for IO (SWIOTLB)
[    0.749931] software IO TLB [mem 0x734ff000-0x774ff000] (64MB) mapped at [ffff8800734ff000-ffff8800774fefff]
[    0.751045] microcode: CPU0 sig=0x406c3, pf=0x1, revision=0x35f
[    0.751068] microcode: CPU1 sig=0x406c3, pf=0x1, revision=0x35f
[    0.751094] microcode: CPU2 sig=0x406c3, pf=0x1, revision=0x35f
[    0.751117] microcode: CPU3 sig=0x406c3, pf=0x1, revision=0x35f
[    0.751436] microcode: Microcode Update Driver: v2.00 <tigran@aivazian.fsnet.co.uk>, Peter Oruba
[    0.753565] Scanning for low memory corruption every 60 seconds
[    0.754956] SSE version of gcm_enc/dec engaged.
[    0.756199] sha1_ssse3: Using SSSE3 optimized SHA-1 implementation
[    0.756307] sha256_ssse3: Using SSSE3 optimized SHA-256 implementation
[    0.756465] sha512_ssse3: Using SSSE3 optimized SHA-512 implementation
[    0.756697] AVX instructions are not detected.
[    0.756724] atomisp_unregister_acpi_devices(1406): unregister i2c_device: OVB2680:00! 					
[    0.756724] client->flags is 0x00,					client->addr is 0x36, 					client->irq is -1.
[    0.756929] atomisp_unregister_acpi_devices(1406): unregister i2c_device: OVTI2680:01! 					
[    0.756929] client->flags is 0x00,					client->addr is 0x10, 					client->irq is -1.
[    0.757312] vlv2_plat_clk vlv2_plat_clk: vlv2_plat_clk initialized
[    0.757534] iwlwifi platform init
[    0.759169] futex hash table entries: 1024 (order: 4, 65536 bytes)
[    0.759210] Initialise system trusted keyring
[    0.759265] audit: initializing netlink subsys (disabled)
[    0.759331] audit: type=2000 audit(1520418230.732:1): initialized
[    0.852901] VFS: Disk quotas dquot_6.5.2
[    0.853176] Dquot-cache hash table entries: 512 (order 0, 4096 bytes)
[    0.856554] squashfs: version 4.0 (2009/01/31) Phillip Lougher
[    0.857571] fuse init (API version 7.22)
[    0.858281] msgmni has been set to 7679
[    0.858644] Key type big_key registered
[    0.858651] SELinux:  Registering netfilter hooks
[    0.861455] Key type asymmetric registered
[    0.861463] Asymmetric key parser 'x509' registered
[    0.861869] Block layer SCSI generic (bsg) driver version 0.4 loaded (major 248)
[    0.861876] io scheduler noop registered
[    0.861881] io scheduler deadline registered
[    0.862099] io scheduler cfq registered (default)
[    0.862576] intel_soc_pmic_i2c i2c-INT33F4:00: Failed to translate GPIO to IRQ
[    0.874537] pci_hotplug: PCI Hot Plug PCI Core version: 0.5
[    0.874897] pciehp: PCI Express Hot Plug Controller Driver version: 0.4
[    0.875400] simple-framebuffer simple-framebuffer.0: framebuffer at 0x80000000, 0x8ca000 bytes, mapped to 0xffffc90004100000
[    0.875409] simple-framebuffer simple-framebuffer.0: format=a8r8g8b8, mode=1200x1920x32, linelength=4800
[    0.875664] simple-framebuffer simple-framebuffer.0: fb0: simplefb registered!
[    0.875788] intel_idle: MWAIT substates: 0x33000020
[    0.875794] intel_idle: v0.4 model 0x4C
[    0.875798] intel_idle: lapic_timer_reliable_states 0xffffffff
[    0.877068] input: Power Button as /devices/LNXSYSTM:00/device:00/PNP0C0C:00/input/input0
[    0.877077] ACPI: Power Button [PWRB]
[    0.877456] input: Lid Switch as /devices/LNXSYSTM:00/device:00/PNP0C0D:00/input/input1
[    0.877571] ACPI: Lid Switch [LID0]
[    0.877911] input: Power Button as /devices/LNXSYSTM:00/LNXPWRBN:00/input/input2
[    0.877918] ACPI: Power Button [PWRF]
[    0.888284] thermal LNXTHERM:00: registered as thermal_zone0
[    0.888293] ACPI: Thermal Zone [TZ00] (0 C)
[    0.891018] LDO_2: 3300 mV normal 
[    0.892688] dcovex_regulator dcovex_regulator.9: No dcovex_regulator_info
[    0.900304] dcovex_regulator: probe of dcovex_regulator.9 failed with error -22
[    0.909448] Serial: 8250/16550 driver, 4 ports, IRQ sharing enabled
[    0.929986] 00:02: ttyS0 at I/O 0x3f8 (irq = 4, base_baud = 115200) is a 16550A
[    0.933533] Found a Designware HSU
[    0.933676] 8086228A:00: ttyHSU0 at MMIO 0x91a21000 (irq = 39, base_baud = 2764800) is a hsu_port0
[    0.934069] Found a Designware HSU
[    0.934195] 8086228A:01: ttyHSU1 at MMIO 0x91a1f000 (irq = 40, base_baud = 2764800) is a hsu_port1
[    0.935211] hpet: number irqs doesn't agree with number of timers
[    0.942591] Non-volatile memory driver v1.3
[    0.942637] Linux agpgart interface v0.103
[    0.942926] [drm] Initialized drm 1.1.0 20060810
[    0.946134] [drm] Memory usable by graphics device = 2048M
[    0.946146] checking generic (80000000 8ca000) vs hw (80000000 10000000)
[    0.946152] fb: switching to inteldrmfb from simple
[    0.949621] i915 0000:00:02.0: irq 134 for MSI/MSI-X
[    0.949650] [drm] Supports vblank timestamp caching Rev 2 (21.10.2013).
[    0.949655] [drm] Driver supports precise vblank timestamp query.
[    0.952090] vgaarb: device changed decodes: PCI:0000:00:02.0,olddecodes=io+mem,decodes=io+mem:owns=io+mem
[    0.953103] [drm] hdmi port 3, ddc_bus 3, hpd_pin 6
[    0.994222] [drm] Falling back to bit banging on pin 3
[    1.026904] i2c i2c-9: normal 7 bit addr failed
[    1.042192] [drm] Falling back to bit banging on pin 3
[    1.074849] i2c i2c-9: normal 7 bit addr failed
[    1.079965] [drm:intel_hdmi_get_edid] *ERROR* Get_hdmi cant read edid
[    1.149502] i915 0000:00:02.0: Direct firmware load failed with error -2
[    1.157027] i915 0000:00:02.0: Falling back to user helper
[    1.163238] i915 0000:00:02.0: fb0: inteldrmfb frame buffer device
[    1.163245] i915 0000:00:02.0: registered panic notifier
[    1.165722] ACPI: Video Device [GFX0] (multi-head: yes  rom: no  post: no)
[    1.167706] acpi device:02: registered as cooling_device4
[    1.168980] acpi device:03: registered as cooling_device5
[    1.170281] acpi device:04: registered as cooling_device6
[    1.171488] acpi device:05: registered as cooling_device7
[    1.172702] acpi device:06: registered as cooling_device8
[    1.173922] acpi device:07: registered as cooling_device9
[    1.175404] acpi device:08: registered as cooling_device10
[    1.177149] acpi device:09: registered as cooling_device11
[    1.177866] input: Video Bus as /devices/LNXSYSTM:00/device:00/PNP0A08:00/LNXVIDEO:00/input/input3
[    1.178188] [drm] Initialized i915 1.6.0 20080730 for 0000:00:02.0 on minor 0
[    1.193444] brd: module loaded
[    1.199980] loop: module loaded
[    1.200636] zram: Created 1 device(s) ...
[    1.201449] mei_txe 0000:00:1a.0: irq 135 for MSI/MSI-X
[    1.207746] tun: Universal TUN/TAP device driver, 1.6
[    1.207754] tun: (C) 1999-2004 Max Krasnyansky <maxk@qualcomm.com>
[    1.208009] PPP generic driver version 2.4.2
[    1.208406] PPP BSD Compression module registered
[    1.208412] PPP Deflate Compression module registered
[    1.208429] PPP MPPE Compression module registered
[    1.208436] NET: Registered protocol family 24
[    1.208615] usbcore: registered new interface driver catc
[    1.208781] usbcore: registered new interface driver kaweth
[    1.208789] pegasus: v0.9.3 (2013/04/25), Pegasus/Pegasus II USB Ethernet driver
[    1.208947] usbcore: registered new interface driver pegasus
[    1.209116] usbcore: registered new interface driver rtl8150
[    1.209425] usbcore: registered new interface driver asix
[    1.209587] usbcore: registered new interface driver ax88179_178a
[    1.209740] usbcore: registered new interface driver cdc_ether
[    1.209897] usbcore: registered new interface driver cdc_eem
[    1.210057] usbcore: registered new interface driver dm9601
[    1.210260] usbcore: registered new interface driver smsc75xx
[    1.210429] usbcore: registered new interface driver smsc95xx
[    1.210580] usbcore: registered new interface driver net1080
[    1.210730] usbcore: registered new interface driver cdc_subset
[    1.210881] usbcore: registered new interface driver zaurus
[    1.211041] usbcore: registered new interface driver MOSCHIP usb-ethernet driver
[    1.211241] usbcore: registered new interface driver ipheth
[    1.211516] usbcore: registered new interface driver sierra_net
[    1.211692] usbcore: registered new interface driver cdc_ncm
[    1.212649] EM:OEM1  table found, size=64
[    1.212656] cht_otg_probe : usb none_compliance mode selected
[    1.212903] usb_phy_gen_xceiv.1 supply vcc not found, using dummy regulator
[    1.220752] usb_phy_gen_xceiv usb_phy_gen_xceiv.1: No RESET GPIO is available
[    1.220760] usb_phy_gen_xceiv usb_phy_gen_xceiv.1: No CS GPIO is available
[    1.421594] dwc3 dwc3.1.auto: dwc3_suspend_common
[    1.422672] ehci_hcd: USB 2.0 'Enhanced' Host Controller (EHCI) Driver
[    1.422688] ehci-pci: EHCI PCI platform driver
[    1.423476] ohci_hcd: USB 1.1 'Open' Host Controller (OHCI) Driver
[    1.423493] uhci_hcd: USB Universal Host Controller Interface driver
[    1.424053] xhci_hcd 0000:00:14.0: xHCI Host Controller
[    1.424356] xhci_hcd 0000:00:14.0: new USB bus registered, assigned bus number 1
[    1.444592] xhci_hcd 0000:00:14.0: cache line size of 64 is not supported
[    1.444660] xhci_hcd 0000:00:14.0: irq 136 for MSI/MSI-X
[    1.444874] usb usb1: New USB device found, idVendor=1d6b, idProduct=0002
[    1.444882] usb usb1: New USB device strings: Mfr=3, Product=2, SerialNumber=1
[    1.444887] usb usb1: Product: xHCI Host Controller
[    1.444892] usb usb1: Manufacturer: Linux 3.14.37-x86_64-L1-R517 xhci_hcd
[    1.444897] usb usb1: SerialNumber: 0000:00:14.0
[    1.445973] hub 1-0:1.0: USB hub found
[    1.446033] hub 1-0:1.0: 7 ports detected
[    1.448649] xhci_hcd 0000:00:14.0: xHCI Host Controller
[    1.448968] xhci_hcd 0000:00:14.0: new USB bus registered, assigned bus number 2
[    1.449367] usb usb2: New USB device found, idVendor=1d6b, idProduct=0003
[    1.449377] usb usb2: New USB device strings: Mfr=3, Product=2, SerialNumber=1
[    1.449383] usb usb2: Product: xHCI Host Controller
[    1.449388] usb usb2: Manufacturer: Linux 3.14.37-x86_64-L1-R517 xhci_hcd
[    1.449393] usb usb2: SerialNumber: 0000:00:14.0
[    1.450100] hub 2-0:1.0: USB hub found
[    1.450166] hub 2-0:1.0: 6 ports detected
[    1.453397] Modem_Ctrl: IRQ request for GPIO (FIRMWARE_OPTION: 347)
[    1.453452] Modem_Ctrl: (FIRMWARE_OPTION) Assert
[    1.553064] wgq[hub_suspend-3520] msg[1] 
[    1.553267] wgq[xhci_bus_suspend-1171]
[    1.554168] Modem_Ctrl: set FIRMWARE_OPTION to 0, actual result:  0)
[    1.554173] Modem_Ctrl: IRQ request for GPIO (POWER_OFF: 346)
[    1.554243] Modem_Ctrl: (POWER_OFF) Assert
[    1.655786] Modem_Ctrl: set POWER_OFF to 1, actual result:  1)
[    1.655809] Modem_Ctrl: IRQ request for GPIO (RESET_BB: 343)
[    1.753799] tsc: Refined TSC clocksource calibration: 1439.954 MHz
[    1.754296] Switched to clocksource tsc
[    1.756669] Modem_Ctrl: set reset BB to 1, actual result is 1)
[    1.756692] Modem_Ctrl: IRQ request for GPIO (POWER_ON: 348)
[    1.756773] Modem_Ctrl: set POWER_ON to 1, actual result:	1)
[    1.777653] Modem_Ctrl: IRQ request for GPIO (RST_OUT: 358)
[    1.777751] Modem_Ctrl: set W_DISABLE to 1, actual result:	1)
[    1.777763] Moem_Ctrl: IRQ request for GPIO (CORE_DUMP: 342)
[    1.777800] Moem_Ctrl: IRQ request failed for GPIO (CORE_DUMP)
[    1.777809] Modem_Ctrl: Finish Power On Modem
[    1.778343] usbcore: registered new interface driver cdc_acm
[    1.778349] cdc_acm: USB Abstract Control Model driver for USB modems and ISDN adapters
[    1.778519] usbcore: registered new interface driver usb-storage
[    1.778684] usbcore: registered new interface driver ums-realtek
[    1.779217] usbcore: registered new interface driver usbserial
[    1.779578] usbcore: registered new interface driver usbserial_generic
[    1.779914] usbserial: USB Serial support registered for generic
[    1.780181] usbcore: registered new interface driver ark3116
[    1.780406] usbserial: USB Serial support registered for ark3116
[    1.780715] usbcore: registered new interface driver belkin_sa
[    1.780861] usbserial: USB Serial support registered for Belkin / Peracom / GoHubs USB Serial Adapter
[    1.781048] usbcore: registered new interface driver ch341
[    1.781221] usbserial: USB Serial support registered for ch341-uart
[    1.781399] usbcore: registered new interface driver cp210x
[    1.781581] usbserial: USB Serial support registered for cp210x
[    1.781726] usbcore: registered new interface driver digi_acceleport
[    1.781851] usbserial: USB Serial support registered for Digi 2 port USB adapter
[    1.781970] usbserial: USB Serial support registered for Digi 4 port USB adapter
[    1.782110] usbcore: registered new interface driver f81232
[    1.782235] usbserial: USB Serial support registered for f81232
[    1.782360] usbcore: registered new interface driver ftdi_sio
[    1.782481] usbserial: USB Serial support registered for FTDI USB Serial Device
[    1.782646] usbcore: registered new interface driver mct_u232
[    1.782762] usbserial: USB Serial support registered for MCT U232
[    1.782883] usbcore: registered new interface driver mos7720
[    1.783003] usbserial: USB Serial support registered for Moschip 2 port adapter
[    1.783166] usbcore: registered new interface driver mos7840
[    1.783286] usbserial: USB Serial support registered for Moschip 7840/7820 USB Serial Driver
[    1.783413] usbcore: registered new interface driver option
[    1.783545] usbserial: USB Serial support registered for GSM modem (1-port)
[    1.783716] usbcore: registered new interface driver oti6858
[    1.783843] usbserial: USB Serial support registered for oti6858
[    1.783973] usbcore: registered new interface driver pl2303
[    1.784105] usbserial: USB Serial support registered for pl2303
[    1.784236] usbcore: registered new interface driver spcp8x5
[    1.784359] usbserial: USB Serial support registered for SPCP8x5
[    1.784487] usbcore: registered new interface driver ssu100
[    1.784618] usbserial: USB Serial support registered for Quatech SSU-100 USB to Serial Driver
[    1.784742] usbcore: registered new interface driver ti_usb_3410_5052
[    1.784867] usbserial: USB Serial support registered for TI USB 3410 1 port adapter
[    1.784998] usbserial: USB Serial support registered for TI USB 5052 2 port adapter
[    1.785150] usbcore: registered new interface driver whiteheat
[    1.785273] usbserial: USB Serial support registered for Connect Tech - WhiteHEAT - (prerenumeration)
[    1.785403] usbserial: USB Serial support registered for Connect Tech - WhiteHEAT
[    1.785532] usbcore: registered new interface driver keyspan_pda
[    1.785651] usbserial: USB Serial support registered for Keyspan PDA
[    1.785779] usbserial: USB Serial support registered for Xircom / Entregra PGS - (prerenumeration)
[    1.785917] usbcore: registered new interface driver usb_ehset_test
[    1.786547] mousedev: PS/2 mouse device common for all mice
[    1.801142] usb 1-4: new high-speed USB device number 2 using xhci_hcd
[    1.879871] icn85xx_i2c_rxdata i2c read error: -121
[    1.879879] iic test error! retry = 1
[    1.885082] icn85xx_i2c_rxdata i2c read error: -121
[    1.885088] iic test error! retry = 2
[    1.891039] icn85xx_i2c_rxdata i2c read error: -121
[    1.891045] iic test error! retry = 3
[    1.929401] 20141014 icn85xx_fw_download start
[    1.965458] usb 1-4: New USB device found, idVendor=1a40, idProduct=0801
[    1.965466] usb 1-4: New USB device strings: Mfr=0, Product=1, SerialNumber=0
[    1.965472] usb 1-4: Product: USB 2.0 Hub
[    1.966411] hub 1-4:1.0: USB hub found
[    1.966460] hub 1-4:1.0: 4 ports detected
[    2.165337] random: nonblocking pool is initialized
[    2.240178] usb 1-4.4: new low-speed USB device number 3 using xhci_hcd
[    2.333432] usb 1-4.4: New USB device found, idVendor=258a, idProduct=0f0a
[    2.333440] usb 1-4.4: New USB device strings: Mfr=1, Product=2, SerialNumber=0
[    2.333446] usb 1-4.4: Product: USB TOUCHPAD KEYBOARD
[    2.333450] usb 1-4.4: Manufacturer: SINO WEALTH
[    2.333848] usb 1-4.4: ep 0x81 - rounding interval to 64 microframes, ep desc says 80 microframes
[    2.343816] usb 1-4.4: ep 0x82 - rounding interval to 64 microframes, ep desc says 80 microframes
[    4.236573] icn85xx_fw_download ok
[    4.236584] icn85xx_bootfrom_sram
[    4.287639] icn85xx upgrade ok
[    4.288015] input: chipone-ts as /devices/virtual/input/input4
[    4.291247] [hall_switch_init]
[    4.291684] input: hall_switch as /devices/virtual/input/input5
[    4.292510] AKM compass driver: initialize.
[    4.293420] rtc_cmos 00:07: rtc core: registered rtc_cmos as rtc0
[    4.293488] rtc_cmos 00:07: alarms up to one month, y3k, 242 bytes nvram
[    4.293777] i2c /dev entries driver
[    4.297772] usbcore: registered new interface driver uvcvideo
[    4.297780] USB Video Class driver (1.1.1)
[    4.298969] dollar_cove_battery dollar_cove_battery: Only OCV curve from FG data is initialized
[    4.347037] dollar_cove_battery dollar_cove_battery: reg:33, val:10
[    4.348488] dollar_cove_battery dollar_cove_battery: reg:c0, val:0
[    4.349938] dollar_cove_battery dollar_cove_battery: reg:c1, val:0
[    4.351387] dollar_cove_battery dollar_cove_battery: reg:c2, val:0
[    4.352835] dollar_cove_battery dollar_cove_battery: reg:c3, val:0
[    4.354284] dollar_cove_battery dollar_cove_battery: reg:c4, val:0
[    4.355733] dollar_cove_battery dollar_cove_battery: reg:c5, val:0
[    4.357182] dollar_cove_battery dollar_cove_battery: reg:c6, val:1
[    4.358630] dollar_cove_battery dollar_cove_battery: reg:c7, val:1
[    4.360079] dollar_cove_battery dollar_cove_battery: reg:c8, val:2
[    4.361528] dollar_cove_battery dollar_cove_battery: reg:c9, val:3
[    4.363081] dollar_cove_battery dollar_cove_battery: reg:ca, val:4
[    4.364529] dollar_cove_battery dollar_cove_battery: reg:cb, val:c
[    4.365978] dollar_cove_battery dollar_cove_battery: reg:cc, val:14
[    4.367427] dollar_cove_battery dollar_cove_battery: reg:cd, val:23
[    4.368876] dollar_cove_battery dollar_cove_battery: reg:ce, val:2f
[    4.370325] dollar_cove_battery dollar_cove_battery: reg:cf, val:34
[    4.371774] dollar_cove_battery dollar_cove_battery: reg:d0, val:37
[    4.373223] dollar_cove_battery dollar_cove_battery: reg:d1, val:3b
[    4.374672] dollar_cove_battery dollar_cove_battery: reg:d2, val:3f
[    4.376122] dollar_cove_battery dollar_cove_battery: reg:d3, val:44
[    4.377570] dollar_cove_battery dollar_cove_battery: reg:d4, val:4b
[    4.379122] dollar_cove_battery dollar_cove_battery: reg:d5, val:50
[    4.380571] dollar_cove_battery dollar_cove_battery: reg:d6, val:53
[    4.382019] dollar_cove_battery dollar_cove_battery: reg:d7, val:55
[    4.383468] dollar_cove_battery dollar_cove_battery: reg:d8, val:5c
[    4.384917] dollar_cove_battery dollar_cove_battery: reg:d9, val:60
[    4.386366] dollar_cove_battery dollar_cove_battery: reg:da, val:62
[    4.387814] dollar_cove_battery dollar_cove_battery: reg:db, val:64
[    4.389263] dollar_cove_battery dollar_cove_battery: reg:dc, val:64
[    4.390712] dollar_cove_battery dollar_cove_battery: reg:dd, val:64
[    4.392161] dollar_cove_battery dollar_cove_battery: reg:de, val:64
[    4.393609] dollar_cove_battery dollar_cove_battery: reg:df, val:64
[    4.395161] dollar_cove_battery dollar_cove_battery: reg:b8, val:ea
[    4.396612] dollar_cove_battery dollar_cove_battery: reg:e0, val:8f
[    4.398060] dollar_cove_battery dollar_cove_battery: reg:e1, val:b8
[    4.399509] dollar_cove_battery dollar_cove_battery: reg:ba, val:c0
[    4.400958] dollar_cove_battery dollar_cove_battery: reg:bb, val:54
[    4.417676] thermal thermal_zone1: failed to read out thermal zone 1
[    4.443202] dollar_cove_battery dollar_cove_battery: IRQ No:472
[    4.446097] dollar_cove_battery dollar_cove_battery: IRQ No:473
[    4.449080] dollar_cove_battery dollar_cove_battery: IRQ No:474
[    4.451957] dollar_cove_battery dollar_cove_battery: IRQ No:475
[    4.454832] dollar_cove_battery dollar_cove_battery: IRQ No:480
[    4.457813] dollar_cove_battery dollar_cove_battery: IRQ No:481
[    4.475307] dollar_cove_charger dollar_cove_charger: IRQ No:460
[    4.478189] dollar_cove_charger dollar_cove_charger: IRQ No:466
[    4.481072] dollar_cove_charger dollar_cove_charger: IRQ No:467
[    4.484051] dollar_cove_charger dollar_cove_charger: IRQ No:468
[    4.486927] dollar_cove_charger dollar_cove_charger: IRQ No:469
[    4.489809] dollar_cove_charger dollar_cove_charger: IRQ No:476
[    4.492793] dollar_cove_charger dollar_cove_charger: IRQ No:477
[    4.495669] dollar_cove_charger dollar_cove_charger: IRQ No:478
[    4.498652] dollar_cove_charger dollar_cove_charger: IRQ No:479
[    4.714654] register_usb_notifier
[    4.742950] dollar_cove_charger dollar_cove_charger: pmic_chrg_probe: otg_gpio=-1
[    4.748267] Bosch SensortecE Device detected!
[    4.748267] BMA250E registered I2C driver!
[    4.748522] input: bma250 as /devices/virtual/input/input6
[    4.750682] intel_powerclamp: Intel powerclamp does not run on family 6 model 76
[    4.761000] int3400 thermal: probe of INT3400:00 failed with error -17
[    4.769543] dollar_cove_charger dollar_cove_charger: pmic_chrg_set_cc: cc=0
[    4.769900] ACPI Exception: AE_ERROR, Returned by Handler for [UserDefinedRegion] (20131218/evregion-297)
[    4.769916] ACPI Error: Method parse/execution failed [\_SB_.STR0._TMP] (Node ffff880179c83b90), AE_ERROR (20131218/psparse-536)
[    4.769946] thermal thermal_zone4: failed to read out thermal zone 4
[    4.777994] ACPI Exception: AE_ERROR, Returned by Handler for [UserDefinedRegion] (20131218/evregion-297)
[    4.778009] ACPI Error: Method parse/execution failed [\_SB_.STR3._TMP] (Node ffff880179c85690), AE_ERROR (20131218/psparse-536)
[    4.778034] thermal thermal_zone5: failed to read out thermal zone 5
[    4.785806] iTCO_wdt: Intel TCO WatchDog Timer Driver v1.11
[    4.785900] iTCO_wdt: Found a Cherry Trail SoC TCO device (Version=3, TCOBASE=0x0460)
[    4.786313] dollar_cove_charger dollar_cove_charger: pmic_chrg_set_cv: cv=0
[    4.787436] iTCO_wdt: initialized. heartbeat=30 sec (nowayout=0)
[    4.789385] device-mapper: uevent: version 1.0.3
[    4.790060] device-mapper: ioctl: 4.27.0-ioctl (2013-10-30) initialised: dm-devel@redhat.com
[    4.790450] sdhci: Secure Digital Host Controller Interface driver
[    4.790455] sdhci: Copyright(c) Pierre Ossman
[    4.791111] mmc0: no vqmmc regulator found
[    4.791119] mmc0: no vmmc regulator found
[    4.791475] mmc0: SDHCI controller on ACPI [80860F14:00] using ADMA
[    4.791940] mmc1: no vqmmc regulator found
[    4.792345] mmc1: SDHCI controller on ACPI [INT33BB:00] using ADMA
[    4.792717] mmc2: no vqmmc regulator found
[    4.796347] mmc2: SDHCI controller on ACPI [INT33BB:01] using ADMA
[    4.798832] dcdbas dcdbas: Dell Systems Management Base Driver (version 5.6.0-3.2)
[    4.798846] EFI Variables Facility v0.08 2004-May-17
[    4.818566] hidraw: raw HID events driver (C) Jiri Kosina
[    4.824684] input: SINO WEALTH USB TOUCHPAD KEYBOARD as /devices/pci0000:00/0000:00:14.0/usb1/1-4/1-4.4/1-4.4:1.0/0003:258A:0F0A.0001/input/input7
[    4.825247] hid-generic 0003:258A:0F0A.0001: input,hidraw0: USB HID v1.11 Keyboard [SINO WEALTH USB TOUCHPAD KEYBOARD] on usb-0000:00:14.0-4.4/input0
[    4.835338] input: SINO WEALTH USB TOUCHPAD KEYBOARD as /devices/pci0000:00/0000:00:14.0/usb1/1-4/1-4.4/1-4.4:1.1/0003:258A:0F0A.0002/input/input8
[    4.836815] hid-generic 0003:258A:0F0A.0002: input,hiddev0,hidraw1: USB HID v1.11 Mouse [SINO WEALTH USB TOUCHPAD KEYBOARD] on usb-0000:00:14.0-4.4/input1
[    4.836989] usbcore: registered new interface driver usbhid
[    4.836996] usbhid: USB HID core driver
[    4.837837] ashmem: initialized
[    4.838098] logger: created 256K log 'log_main'
[    4.838331] logger: created 256K log 'log_events'
[    4.838573] logger: created 256K log 'log_radio'
[    4.838843] logger: created 256K log 'log_system'
[    4.840358] intel_warn_int: initialized. Interrupt=SCI GPE 0x0e
[    4.870211] mmc0: BKOPS_EN bit is not set
[    4.879214] trigger_algo:Algo_status:2
[    4.906793] console [pstore-1] enabled
[    4.907211] mmc0: new HS200 MMC card at address 0001
[    4.907526] pstore: Registered ramoops as persistent store backend
[    4.907561] ramoops: attached 0x400000@0x7c000000, ecc: 0/0
[    4.907622] intel_pstore_pram: registered pram device, addr=0x7c000000, size=0x400000
[    4.907841] mmcblk0: mmc0:0001 HCG8e 58.2 GiB 
[    4.908024] mmcblk0boot0: mmc0:0001 HCG8e partition 1 4.00 MiB
[    4.908258] mmcblk0boot1: mmc0:0001 HCG8e partition 2 4.00 MiB
[    4.908426] mmcblk0rpmb: mmc0:0001 HCG8e partition 3 4.00 MiB
[    4.912634]  mmcblk0: p1 p2 p3 p4 p5 p6 p7 p8 p9 p10 p11
[    4.922628]  mmcblk0boot1: unknown partition table
[    4.927349] dollar_cove_pwrsrc dollar_cove_pwrsrc: dc_xpwr_pwrsrc_probe: gpio_mux_cntl=1519456500
[    4.927597] dollar_cove_pwrsrc dollar_cove_pwrsrc: dc_xpwr_pwrsrc_probe: id_short=0
[    4.930070]  mmcblk0boot0: unknown partition table
[    4.944531] dollar_cove_adc dollar_cove_adc: dc_xpwr adc probed
[    4.949418] intel_rapl: RAPL domain uncore detection failed
[    4.955736] intel_rapl: RAPL domain dram detection failed
[    4.963321] rmnet_async_init++
[    4.963355]  rmnet_init++
[    4.963421] rmnet_setup++
[    4.964918] rmnet_setup++
[    4.966023] rmnet_setup++
[    4.966764] 3RMNET: registering line disc successful.
[    4.967442] usbcore: registered new interface driver snd-usb-audio
[    4.969420] snd_intel_sst: sst_platform_get_resources_edk
[    4.975329] snd_intel_sst: LPE base: 0x91600000 size:0x200000snd_intel_sst: IRAM base: 0x916c0000
[    4.985568] snd_intel_sst: DRAM base: 0x91700000snd_intel_sst: SHIM base: 0x91740000
[    4.994448] snd_intel_sst: Mailbox base: 0x91744000snd_intel_sst: DDR base: 0x20000000
[    5.003643] snd_intel_sst: Enter: sst_audio_platform_init
[    5.003926] snd_intel_sst: audio:set_cht_platform_config
[    5.004279] snd_soc_sst_platform: sst_platform_probe is deferred
[    5.004322] platform sst-platform: Driver sst-platform requests probe deferral
[    5.004368] snd_intel_sst: board_name:Cherry Trail CR
[    5.010083] snd_intel_sst: Registering machine device cht_es8316
[    5.010386] snd_intel_sst: Requesting FW fw_sst_22a8.bin now...
[    5.017106] intel_sst_acpi 808622A8:00: Direct firmware load failed with error -2
[    5.025555] intel_sst_acpi 808622A8:00: Falling back to user helper
[    5.027735] Netfilter messages via NETLINK v0.30.
[    5.027772] nf_conntrack version 0.5.0 (16384 buckets, 65536 max)
[    5.028631] ctnetlink v0.93: registering with nfnetlink.
[    5.033530] ip_tables: (C) 2000-2006 Netfilter Core Team
[    5.033674] TCP: cubic registered
[    5.033705] Initializing XFRM netlink socket
[    5.036469] NET: Registered protocol family 10
[    5.038685] ip6_tables: (C) 2000-2006 Netfilter Core Team
[    5.039692] sit: IPv6 over IPv4 tunneling driver
[    5.041103] NET: Registered protocol family 17
[    5.041167] NET: Registered protocol family 15
[    5.041221] l2tp_core: L2TP core driver, V2.0
[    5.041259] l2tp_ppp: PPPoL2TP kernel driver, V2.0
[    5.041338] Key type dns_resolver registered
[    5.045959] Loading compiled-in X.509 certificates
[    5.048612] Loaded X.509 cert 'Magrathea: Glacier signing key: f0f433fe4181deabfd7f104cc4d36a00e59dfe7d'
[    5.048676] registered taskstats version 1
[    5.049878] LDO_2: disabling
[    5.181494] regulator-dummy: disabling
[    5.183782] snd_soc_sst_platform: sst_platform_probe is deferred
[    5.183835] platform sst-platform: Driver sst-platform requests probe deferral
[    5.184250]   Magic number: 10:388:375
[    5.186124] console [netcon0] enabled
[    5.186164] netconsole: network logging started
[    5.192586] dwc3 dwc3.1.auto: dwc3_resume_common
[    5.193231] dwc3 dwc3.1.auto: dwc3_suspend_common
[    5.194103] file system registered
[    5.197184] Number of LUNs=8
[    5.197228] Mass Storage Function, version: 2009/09/11
[    5.197280] LUN: removable file: (no medium)
[    5.198023] android_usb gadget: android_usb ready
[    5.201866] dwc3 dwc3.1.auto: dwc3_resume_common
[    5.202649] dwc3 dwc3.1.auto: dwc3_suspend_common
[    5.204987] input: gpio-keys as /devices/platform/gpio-keys.2.auto/input/input9
[    5.205664] snd_soc_sst_platform: sst_platform_probe is deferred
[    5.205710] platform sst-platform: Driver sst-platform requests probe deferral
[    5.205859] input: gpio-keys as /devices/platform/gpio-keys.3.auto/input/input10
[    5.206201] snd_soc_sst_platform: sst_platform_probe is deferred
[    5.206245] platform sst-platform: Driver sst-platform requests probe deferral
[    5.219109] intel_mid_vibra: intel_mid_plat_vibra_probe: vibra probe success
[    5.219333] snd_soc_sst_platform: sst_platform_probe is deferred
[    5.219377] platform sst-platform: Driver sst-platform requests probe deferral
[    5.220410] rtc_cmos 00:07: setting system clock to 2018-03-07 10:23:56 UTC (1520418236)
[    5.221282] input: CM3218_ALS as /devices/virtual/input/input11
[    5.232767] [PS][CM3218 error] I2C_TxData, i2c err, slaveAddr 0x48, value 0x0, ISR gpio332  = 0, record_init_fail 0
[    5.251080] trigger_algo:Algo_status:2
[    5.260830] mmc1: new high speed SDIO card at address 0001
[    5.341122] [PS][CM3218 error] I2C_TxData, i2c err, slaveAddr 0x48, value 0x0, ISR gpio332  = 0, record_init_fail 0
[    5.351454] [PS_ERR][CM3218 error] I2C_TxData retry over 10
[    5.357772] [PS_ERR][CM3218 error]_cm3218_I2C_Write_Word: I2C_TxData fail
[    5.365437] [LS][CM3218] initial_cm3218, interrupt GPIO val = 0, , inital fail_counter 1
[    5.365835] [PS][CM3218 error] I2C_RxData2, i2c err, slaveAddr 0xc ISR gpio 332  = 0, record_init_fail 0 
[    5.474150] [PS][CM3218 error] I2C_RxData2, i2c err, slaveAddr 0xc ISR gpio 332  = 0, record_init_fail 0 
[    5.485140] [PS_ERR][CM3218 error] I2C_RxData2 retry over 10
[    5.491553] [PS_ERR][CM3218 error]_cm3218_I2C_Read_Byte: I2C_RxData fail, slave addr: 0xc
[    5.500765] [LS][CM3218] initial_cm3218, check_interrupt_add value = 0x0, ret -5
[    5.500804] [LS][CM3218] initial_cm3218, interrupt GPIO val = 0, , inital fail_counter 1
[    5.501217] [PS][CM3218 error] I2C_RxData2, i2c err, slaveAddr 0xc ISR gpio 332  = 0, record_init_fail 0 
[    5.615267] [PS][CM3218 error] I2C_RxData2, i2c err, slaveAddr 0xc ISR gpio 332  = 0, record_init_fail 0 
[    5.625942] [PS_ERR][CM3218 error] I2C_RxData2 retry over 10
[    5.632640] [PS_ERR][CM3218 error]_cm3218_I2C_Read_Byte: I2C_RxData fail, slave addr: 0xc
[    5.641861] [LS][CM3218] initial_cm3218, check_interrupt_add value = 0x0, ret -5
[    5.642600] [PS][CM3218 error] I2C_TxData, i2c err, slaveAddr 0x48, value 0x0, ISR gpio332  = 0, record_init_fail 0
[    5.651808] trigger_algo:Algo_status:2
[    5.749230] [PS][CM3218 error] I2C_TxData, i2c err, slaveAddr 0x48, value 0x0, ISR gpio332  = 0, record_init_fail 0
[    5.760360] [PS_ERR][CM3218 error] I2C_TxData retry over 10
[    5.766639] [PS_ERR][CM3218 error]_cm3218_I2C_Write_Word: I2C_TxData fail
[    5.774278] [LS][CM3218] initial_cm3218, interrupt GPIO val = 0, , inital fail_counter 2
[    5.777832] [PS][CM3218 error] I2C_RxData2, i2c err, slaveAddr 0xc ISR gpio 332  = 0, record_init_fail 0 
[    5.803694] trigger_algo:Algo_status:2
[    5.886702] [PS][CM3218 error] I2C_RxData2, i2c err, slaveAddr 0xc ISR gpio 332  = 0, record_init_fail 0 
[    5.897872] [PS_ERR][CM3218 error] I2C_RxData2 retry over 10
[    5.904256] [PS_ERR][CM3218 error]_cm3218_I2C_Read_Byte: I2C_RxData fail, slave addr: 0xc
[    5.917398] [LS][CM3218] initial_cm3218, check_interrupt_add value = 0x0, ret -5
[    5.917434] [LS][CM3218] initial_cm3218, interrupt GPIO val = 0, , inital fail_counter 2
[    5.920607] [PS][CM3218 error] I2C_RxData2, i2c err, slaveAddr 0xc ISR gpio 332  = 0, record_init_fail 0 
[    6.031604] [PS][CM3218 error] I2C_RxData2, i2c err, slaveAddr 0xc ISR gpio 332  = 0, record_init_fail 0 
[    6.043299] [PS_ERR][CM3218 error] I2C_RxData2 retry over 10
[    6.049672] [PS_ERR][CM3218 error]_cm3218_I2C_Read_Byte: I2C_RxData fail, slave addr: 0xc
[    6.060289] [LS][CM3218] initial_cm3218, check_interrupt_add value = 0x0, ret -5
[    6.063685] [PS][CM3218 error] I2C_TxData, i2c err, slaveAddr 0x48, value 0x0, ISR gpio332  = 0, record_init_fail 0
[    6.170096] [PS][CM3218 error] I2C_TxData, i2c err, slaveAddr 0x48, value 0x0, ISR gpio332  = 0, record_init_fail 0
[    6.180874] [PS_ERR][CM3218 error] I2C_TxData retry over 10
[    6.187167] [PS_ERR][CM3218 error]_cm3218_I2C_Write_Word: I2C_TxData fail
[    6.194794] [LS][CM3218] initial_cm3218, interrupt GPIO val = 0, , inital fail_counter 3
[    6.195508] [PS][CM3218 error] I2C_RxData2, i2c err, slaveAddr 0xc ISR gpio 332  = 0, record_init_fail 0 
[    6.301442] [PS][CM3218 error] I2C_RxData2, i2c err, slaveAddr 0xc ISR gpio 332  = 0, record_init_fail 0 
[    6.312807] [PS_ERR][CM3218 error] I2C_RxData2 retry over 10
[    6.319203] [PS_ERR][CM3218 error]_cm3218_I2C_Read_Byte: I2C_RxData fail, slave addr: 0xc
[    6.328419] [LS][CM3218] initial_cm3218, check_interrupt_add value = 0x0, ret -5
[    6.328462] [LS][CM3218] initial_cm3218, interrupt GPIO val = 0, , inital fail_counter 3
[    6.328869] [PS][CM3218 error] I2C_RxData2, i2c err, slaveAddr 0xc ISR gpio 332  = 0, record_init_fail 0 
[    6.434915] [PS][CM3218 error] I2C_RxData2, i2c err, slaveAddr 0xc ISR gpio 332  = 0, record_init_fail 0 
[    6.445240] [PS_ERR][CM3218 error] I2C_RxData2 retry over 10
[    6.451644] [PS_ERR][CM3218 error]_cm3218_I2C_Read_Byte: I2C_RxData fail, slave addr: 0xc
[    6.460833] [LS][CM3218] initial_cm3218, check_interrupt_add value = 0x0, ret -5
[    6.461665] [PS][CM3218 error] I2C_TxData, i2c err, slaveAddr 0x48, value 0x0, ISR gpio332  = 0, record_init_fail 0
[    6.569439] [PS][CM3218 error] I2C_TxData, i2c err, slaveAddr 0x48, value 0x0, ISR gpio332  = 0, record_init_fail 0
[    6.580745] [PS_ERR][CM3218 error] I2C_TxData retry over 10
[    6.587050] [PS_ERR][CM3218 error]_cm3218_I2C_Write_Word: I2C_TxData fail
[    6.594677] [LS][CM3218] initial_cm3218, interrupt GPIO val = 0, , inital fail_counter 4
[    6.595398] [PS][CM3218 error] I2C_RxData2, i2c err, slaveAddr 0xc ISR gpio 332  = 0, record_init_fail 0 
[    6.701506] [PS][CM3218 error] I2C_RxData2, i2c err, slaveAddr 0xc ISR gpio 332  = 0, record_init_fail 0 
[    6.712881] [PS_ERR][CM3218 error] I2C_RxData2 retry over 10
[    6.719274] [PS_ERR][CM3218 error]_cm3218_I2C_Read_Byte: I2C_RxData fail, slave addr: 0xc
[    6.728477] [LS][CM3218] initial_cm3218, check_interrupt_add value = 0x0, ret -5
[    6.728516] [LS][CM3218] initial_cm3218, interrupt GPIO val = 0, , inital fail_counter 4
[    6.728934] [PS][CM3218 error] I2C_RxData2, i2c err, slaveAddr 0xc ISR gpio 332  = 0, record_init_fail 0 
[    6.835566] [PS][CM3218 error] I2C_RxData2, i2c err, slaveAddr 0xc ISR gpio 332  = 0, record_init_fail 0 
[    6.846169] [PS_ERR][CM3218 error] I2C_RxData2 retry over 10
[    6.852543] [PS_ERR][CM3218 error]_cm3218_I2C_Read_Byte: I2C_RxData fail, slave addr: 0xc
[    6.861725] [LS][CM3218] initial_cm3218, check_interrupt_add value = 0x0, ret -5
[    6.862401] [PS][CM3218 error] I2C_TxData, i2c err, slaveAddr 0x48, value 0x0, ISR gpio332  = 0, record_init_fail 0
[    6.969371] [PS][CM3218 error] I2C_TxData, i2c err, slaveAddr 0x48, value 0x0, ISR gpio332  = 0, record_init_fail 0
[    6.980694] [PS_ERR][CM3218 error] I2C_TxData retry over 10
[    6.986984] [PS_ERR][CM3218 error]_cm3218_I2C_Write_Word: I2C_TxData fail
[    6.994618] [LS][CM3218] initial_cm3218, interrupt GPIO val = 0, , inital fail_counter 5
[    6.995316] [PS][CM3218 error] I2C_RxData2, i2c err, slaveAddr 0xc ISR gpio 332  = 0, record_init_fail 0 
[    7.103360] [PS][CM3218 error] I2C_RxData2, i2c err, slaveAddr 0xc ISR gpio 332  = 0, record_init_fail 0 
[    7.114683] [PS_ERR][CM3218 error] I2C_RxData2 retry over 10
[    7.121076] [PS_ERR][CM3218 error]_cm3218_I2C_Read_Byte: I2C_RxData fail, slave addr: 0xc
[    7.130290] [LS][CM3218] initial_cm3218, check_interrupt_add value = 0x0, ret -5
[    7.130330] [LS][CM3218] initial_cm3218, interrupt GPIO val = 0, , inital fail_counter 5
[    7.130726] [PS][CM3218 error] I2C_RxData2, i2c err, slaveAddr 0xc ISR gpio 332  = 0, record_init_fail 0 
[    7.238172] [PS][CM3218 error] I2C_RxData2, i2c err, slaveAddr 0xc ISR gpio 332  = 0, record_init_fail 0 
[    7.249913] [PS_ERR][CM3218 error] I2C_RxData2 retry over 10
[    7.256319] [PS_ERR][CM3218 error]_cm3218_I2C_Read_Byte: I2C_RxData fail, slave addr: 0xc
[    7.265502] [LS][CM3218] initial_cm3218, check_interrupt_add value = 0x0, ret -5
[    7.266339] [PS][CM3218 error] I2C_TxData, i2c err, slaveAddr 0x48, value 0x0, ISR gpio332  = 0, record_init_fail 0
[    7.374265] [PS][CM3218 error] I2C_TxData, i2c err, slaveAddr 0x48, value 0x0, ISR gpio332  = 0, record_init_fail 0
[    7.385613] [PS_ERR][CM3218 error] I2C_TxData retry over 10
[    7.391915] [PS_ERR][CM3218 error]_cm3218_I2C_Write_Word: I2C_TxData fail
[    7.399573] [LS][CM3218] initial_cm3218, interrupt GPIO val = 0, , inital fail_counter 6
[    7.400257] [PS][CM3218 error] I2C_RxData2, i2c err, slaveAddr 0xc ISR gpio 332  = 0, record_init_fail 0 
[    7.458828] mmc2: Skipping voltage switch
[    7.505340] [PS][CM3218 error] I2C_RxData2, i2c err, slaveAddr 0xc ISR gpio 332  = 0, record_init_fail 0 
[    7.516566] [PS_ERR][CM3218 error] I2C_RxData2 retry over 10
[    7.522956] [PS_ERR][CM3218 error]_cm3218_I2C_Read_Byte: I2C_RxData fail, slave addr: 0xc
[    7.532141] [LS][CM3218] initial_cm3218, check_interrupt_add value = 0x0, ret -5
[    7.532181] [LS][CM3218] initial_cm3218, interrupt GPIO val = 0, , inital fail_counter 6
[    7.532852] [PS][CM3218 error] I2C_RxData2, i2c err, slaveAddr 0xc ISR gpio 332  = 0, record_init_fail 0 
[    7.616311] mmc2: new high speed SDHC card at address aaaa
[    7.616929] mmc2: calculated max. discard sectors 204800 for timeout 2684 ms
[    7.617068] mmcblk1: mmc2:aaaa SU16G 14.8 GiB 
[    7.618652]  mmcblk1: p1
[    7.619397] snd_soc_sst_platform: sst_platform_probe is deferred
[    7.619440] platform sst-platform: Driver sst-platform requests probe deferral
[    7.638248] [PS][CM3218 error] I2C_RxData2, i2c err, slaveAddr 0xc ISR gpio 332  = 0, record_init_fail 0 
[    7.649542] [PS_ERR][CM3218 error] I2C_RxData2 retry over 10
[    7.655932] [PS_ERR][CM3218 error]_cm3218_I2C_Read_Byte: I2C_RxData fail, slave addr: 0xc
[    7.665109] [LS][CM3218] initial_cm3218, check_interrupt_add value = 0x0, ret -5
[    7.665778] [PS][CM3218 error] I2C_TxData, i2c err, slaveAddr 0x48, value 0x0, ISR gpio332  = 0, record_init_fail 0
[    7.769644] [PS][CM3218 error] I2C_TxData, i2c err, slaveAddr 0x48, value 0x0, ISR gpio332  = 0, record_init_fail 0
[    7.780028] [PS_ERR][CM3218 error] I2C_TxData retry over 10
[    7.786299] [PS_ERR][CM3218 error]_cm3218_I2C_Write_Word: I2C_TxData fail
[    7.793927] [LS][CM3218] initial_cm3218, interrupt GPIO val = 0, , inital fail_counter 7
[    7.794586] [PS][CM3218 error] I2C_RxData2, i2c err, slaveAddr 0xc ISR gpio 332  = 0, record_init_fail 0 
[    7.893621] [PS][CM3218 error] I2C_RxData2, i2c err, slaveAddr 0xc ISR gpio 332  = 0, record_init_fail 0 
[    7.904008] [PS_ERR][CM3218 error] I2C_RxData2 retry over 10
[    7.910374] [PS_ERR][CM3218 error]_cm3218_I2C_Read_Byte: I2C_RxData fail, slave addr: 0xc
[    7.919551] [LS][CM3218] initial_cm3218, check_interrupt_add value = 0x0, ret -5
[    7.919596] [LS][CM3218] initial_cm3218, interrupt GPIO val = 0, , inital fail_counter 7
[    7.920264] [PS][CM3218 error] I2C_RxData2, i2c err, slaveAddr 0xc ISR gpio 332  = 0, record_init_fail 0 
[    8.019621] [PS][CM3218 error] I2C_RxData2, i2c err, slaveAddr 0xc ISR gpio 332  = 0, record_init_fail 0 
[    8.029978] [PS_ERR][CM3218 error] I2C_RxData2 retry over 10
[    8.036342] [PS_ERR][CM3218 error]_cm3218_I2C_Read_Byte: I2C_RxData fail, slave addr: 0xc
[    8.045518] [LS][CM3218] initial_cm3218, check_interrupt_add value = 0x0, ret -5
[    8.046187] [PS][CM3218 error] I2C_TxData, i2c err, slaveAddr 0x48, value 0x0, ISR gpio332  = 0, record_init_fail 0
[    8.148303] [PS][CM3218 error] I2C_TxData, i2c err, slaveAddr 0x48, value 0x0, ISR gpio332  = 0, record_init_fail 0
[    8.159447] [PS_ERR][CM3218 error] I2C_TxData retry over 10
[    8.165754] [PS_ERR][CM3218 error]_cm3218_I2C_Write_Word: I2C_TxData fail
[    8.173384] [LS][CM3218] initial_cm3218, interrupt GPIO val = 0, , inital fail_counter 8
[    8.174109] [PS][CM3218 error] I2C_RxData2, i2c err, slaveAddr 0xc ISR gpio 332  = 0, record_init_fail 0 
[    8.282159] [PS][CM3218 error] I2C_RxData2, i2c err, slaveAddr 0xc ISR gpio 332  = 0, record_init_fail 0 
[    8.293566] [PS_ERR][CM3218 error] I2C_RxData2 retry over 10
[    8.299961] [PS_ERR][CM3218 error]_cm3218_I2C_Read_Byte: I2C_RxData fail, slave addr: 0xc
[    8.309139] [LS][CM3218] initial_cm3218, check_interrupt_add value = 0x0, ret -5
[    8.309188] [LS][CM3218] initial_cm3218, interrupt GPIO val = 0, , inital fail_counter 8
[    8.309922] [PS][CM3218 error] I2C_RxData2, i2c err, slaveAddr 0xc ISR gpio 332  = 0, record_init_fail 0 
[    8.418164] [PS][CM3218 error] I2C_RxData2, i2c err, slaveAddr 0xc ISR gpio 332  = 0, record_init_fail 0 
[    8.429417] [PS_ERR][CM3218 error] I2C_RxData2 retry over 10
[    8.435810] [PS_ERR][CM3218 error]_cm3218_I2C_Read_Byte: I2C_RxData fail, slave addr: 0xc
[    8.444990] [LS][CM3218] initial_cm3218, check_interrupt_add value = 0x0, ret -5
[    8.445669] [PS][CM3218 error] I2C_TxData, i2c err, slaveAddr 0x48, value 0x0, ISR gpio332  = 0, record_init_fail 0
[    8.553020] [PS][CM3218 error] I2C_TxData, i2c err, slaveAddr 0x48, value 0x0, ISR gpio332  = 0, record_init_fail 0
[    8.564461] [PS_ERR][CM3218 error] I2C_TxData retry over 10
[    8.570756] [PS_ERR][CM3218 error]_cm3218_I2C_Write_Word: I2C_TxData fail
[    8.578384] [LS][CM3218] initial_cm3218, interrupt GPIO val = 0, , inital fail_counter 9
[    8.579055] [PS][CM3218 error] I2C_RxData2, i2c err, slaveAddr 0xc ISR gpio 332  = 0, record_init_fail 0 
[    8.687010] [PS][CM3218 error] I2C_RxData2, i2c err, slaveAddr 0xc ISR gpio 332  = 0, record_init_fail 0 
[    8.698383] [PS_ERR][CM3218 error] I2C_RxData2 retry over 10
[    8.704779] [PS_ERR][CM3218 error]_cm3218_I2C_Read_Byte: I2C_RxData fail, slave addr: 0xc
[    8.713965] [LS][CM3218] initial_cm3218, check_interrupt_add value = 0x0, ret -5
[    8.714009] [LS][CM3218] initial_cm3218, interrupt GPIO val = 0, , inital fail_counter 9
[    8.714687] [PS][CM3218 error] I2C_RxData2, i2c err, slaveAddr 0xc ISR gpio 332  = 0, record_init_fail 0 
[    8.822068] [PS][CM3218 error] I2C_RxData2, i2c err, slaveAddr 0xc ISR gpio 332  = 0, record_init_fail 0 
[    8.833317] [PS_ERR][CM3218 error] I2C_RxData2 retry over 10
[    8.839706] [PS_ERR][CM3218 error]_cm3218_I2C_Read_Byte: I2C_RxData fail, slave addr: 0xc
[    8.848888] [LS][CM3218] initial_cm3218, check_interrupt_add value = 0x0, ret -5
[    8.849560] [PS][CM3218 error] I2C_TxData, i2c err, slaveAddr 0x48, value 0x0, ISR gpio332  = 0, record_init_fail 0
[    8.956998] [PS][CM3218 error] I2C_TxData, i2c err, slaveAddr 0x48, value 0x0, ISR gpio332  = 0, record_init_fail 0
[    8.968423] [PS_ERR][CM3218 error] I2C_TxData retry over 10
[    8.974718] [PS_ERR][CM3218 error]_cm3218_I2C_Write_Word: I2C_TxData fail
[    8.982347] [LS][CM3218] initial_cm3218, interrupt GPIO val = 0, , inital fail_counter 10
[    8.983122] [PS][CM3218 error] I2C_RxData2, i2c err, slaveAddr 0xc ISR gpio 332  = 0, record_init_fail 0 
[    9.090917] [PS][CM3218 error] I2C_RxData2, i2c err, slaveAddr 0xc ISR gpio 332  = 0, record_init_fail 0 
[    9.102282] [PS_ERR][CM3218 error] I2C_RxData2 retry over 10
[    9.108672] [PS_ERR][CM3218 error]_cm3218_I2C_Read_Byte: I2C_RxData fail, slave addr: 0xc
[    9.117841] [LS][CM3218] initial_cm3218, check_interrupt_add value = 0x0, ret -5
[    9.117884] [LS][CM3218] initial_cm3218, interrupt GPIO val = 0, , inital fail_counter 10
[    9.118586] [PS][CM3218 error] I2C_RxData2, i2c err, slaveAddr 0xc ISR gpio 332  = 0, record_init_fail 0 
[    9.226041] [PS][CM3218 error] I2C_RxData2, i2c err, slaveAddr 0xc ISR gpio 332  = 0, record_init_fail 0 
[    9.237266] [PS_ERR][CM3218 error] I2C_RxData2 retry over 10
[    9.243657] [PS_ERR][CM3218 error]_cm3218_I2C_Read_Byte: I2C_RxData fail, slave addr: 0xc
[    9.252836] [LS][CM3218] initial_cm3218, check_interrupt_add value = 0x0, ret -5
[    9.252878] [LS][CM3218] initial_cm3218, initial fail_counter = 10
[    9.252928] [LS_ERR][CM3218 error]cm3218_setup: fail to initial cm3218 (-12)
[    9.260846] [PS_ERR][CM3218 error]cm3218_probe: cm3218_setup error!
[    9.293453] CM3218_ALS: probe of 2-0048 failed with error -12
[    9.301616] Boot boost enabled
[    9.301710] BIOS EDD facility v0.16 2004-Jun-25, 0 devices found
[    9.301742] EDD information not available.
[    9.303126] had: Vidya: Enter alsa_card_intelhad_init
[    9.308834] had: ******** HAD DRIVER loading.. Ver: 0.01.003
[    9.310521] [drm] mid_hdmi_audio_register: Scheduling HDMI audio work queue
[    9.310818] snd_soc_sst_platform: sst_platform_probe is deferred
[    9.310864] platform sst-platform: Driver sst-platform requests probe deferral
[    9.310950] cht_es8316 cht_es8316: ASoC: CPU DAI Headset-cpu-dai not registered
[    9.319208] snd_soc_register_card failed -517
[    9.324454] platform cht_es8316: Driver cht_es8316 requests probe deferral
[    9.324731] Cherrytrail Machine Driver cht_es8316 registerd
[    9.324780] ALSA device list:
[    9.324813]   #0: 
[    9.328006] Freeing unused kernel memory: 1368K (ffffffff82428000 - ffffffff8257e000)
[    9.328045] Write protecting the kernel read-only data: 18432k
[    9.341190] Freeing unused kernel memory: 1976K (ffff880001a12000 - ffff880001c00000)
[    9.349095] Freeing unused kernel memory: 1264K (ffff8800020c4000 - ffff880002200000)
[    9.353080] SELinux: 2048 avtab hash slots, 6158 rules.
[    9.354706] SELinux: 2048 avtab hash slots, 6158 rules.
[    9.354750] SELinux:  1 users, 2 roles, 485 types, 0 bools, 1 sens, 1024 cats
[    9.354890] SELinux:  86 classes, 6158 rules
[    9.355568] SELinux:  Completing initialization.
[    9.355598] SELinux:  Setting up existing superblocks.
[    9.355684] SELinux: initialized (dev tmpfs, type tmpfs), uses transition SIDs
[    9.355735] SELinux: initialized (dev rootfs, type rootfs), uses genfs_contexts
[    9.355839] SELinux: initialized (dev bdev, type bdev), not configured for labeling
[    9.355874] SELinux: initialized (dev proc, type proc), uses genfs_contexts
[    9.355932] SELinux: initialized (dev devtmpfs, type devtmpfs), uses transition SIDs
[    9.356211] SELinux: initialized (dev debugfs, type debugfs), uses genfs_contexts
[    9.362945] SELinux: initialized (dev sockfs, type sockfs), uses task SIDs
[    9.362988] SELinux: initialized (dev pipefs, type pipefs), uses task SIDs
[    9.363037] SELinux: initialized (dev anon_inodefs, type anon_inodefs), not configured for labeling
[    9.363087] SELinux: initialized (dev aio, type aio), not configured for labeling
[    9.363140] SELinux: initialized (dev devpts, type devpts), uses transition SIDs
[    9.363199] SELinux: initialized (dev mqueue, type mqueue), uses transition SIDs
[    9.363245] SELinux: initialized (dev selinuxfs, type selinuxfs), uses genfs_contexts
[    9.363339] SELinux: initialized (dev drm, type drm), not configured for labeling
[    9.363370] SELinux: initialized (dev configfs, type configfs), not configured for labeling
[    9.363422] SELinux: initialized (dev tmpfs, type tmpfs), uses transition SIDs
[    9.363488] SELinux: initialized (dev sysfs, type sysfs), uses genfs_contexts
[    9.379841] audit: type=1403 audit(1520418240.660:2): policy loaded auid=4294967295 ses=4294967295
[    9.678424] init: /init.rc: 33: invalid option 'start'
[    9.684594] init: /init.aosp.rc: 558: ignored duplicate definition of service 'media'
[    9.693418] init: /init.aosp.rc: 589: ignored duplicate definition of service 'flash_recovery'
[    9.703136] init: /init.aosp.rc: 635: ignored duplicate definition of service 'copy_apk'
[    9.712658] init: /init.cht_cr_mrd_w.rc: 329: invalid option 'ifeq'
[    9.719718] init: /init.cht_cr_mrd_w.rc: 336: invalid option 'else'
[    9.726766] init: /init.cht_cr_mrd_w.rc: 348: invalid option 'endif'
[    9.733949] init: /init.cht_cr_mrd_w.rc: 371: invalid command 'ifeq'
[    9.741098] init: /init.cht_cr_mrd_w.rc: 373: invalid command 'else'
[    9.748242] init: /init.cht_cr_mrd_w.rc: 375: invalid command 'endif'
[    9.756217] init: /init.modem.allinone.rc: 147: ignored duplicate definition of service 'ril-daemon'
[    9.767370] SELinux: initialized (dev binfmt_misc, type binfmt_misc), uses genfs_contexts
[   10.920512] init: /dev/hw_random not found
[   10.925182] keychord: using input dev Power Button for fevent
[   10.925217] keychord: using input dev Power Button for fevent
[   10.925281] keychord: using input dev hall_switch for fevent
[   10.925318] keychord: using input dev SINO WEALTH USB TOUCHPAD KEYBOARD for fevent
[   10.925402] keychord: using input dev SINO WEALTH USB TOUCHPAD KEYBOARD for fevent
[   10.925442] keychord: using input dev gpio-keys for fevent
[   10.925492] keychord: using input dev gpio-keys for fevent
[   10.926059] SELinux: initialized (dev cgroup, type cgroup), uses genfs_contexts
[   10.926272] SELinux: initialized (dev tmpfs, type tmpfs), uses transition SIDs
[   10.926567] SELinux: initialized (dev cgroup, type cgroup), uses genfs_contexts
[   10.927999] SELinux: initialized (dev tmpfs, type tmpfs), uses transition SIDs
[   10.928157] SELinux: initialized (dev tmpfs, type tmpfs), uses transition SIDs
[   10.929309] SELinux: initialized (dev cgroup, type cgroup), uses genfs_contexts
[   10.933587] SELinux: initialized (dev pstore, type pstore), uses genfs_contexts
[   10.935222] init: /dev/hw_random not found
[   10.962579] bio: create slab <bio-1> at 1
[   10.976199] EXT4-fs (dm-0): mounted filesystem with ordered data mode. Opts: (null)
[   10.976252] SELinux: initialized (dev dm-0, type ext4), uses xattr
[   10.976350] fs_mgr: __mount(source=/dev/block/dm-0,target=/system,type=ext4)=0
[   10.976921] EXT4-fs (mmcblk0p8): Ignoring removed nomblk_io_submit option
[   10.988800] EXT4-fs (mmcblk0p8): mounted filesystem with ordered data mode. Opts: nomblk_io_submit,errors=remount-ro
[   10.988849] SELinux: initialized (dev mmcblk0p8, type ext4), uses xattr
[   10.988941] fs_mgr: check_fs(): mount(/dev/block/by-name/android_cache,/cache,ext4)=0
[   11.068416] fs_mgr: Running /system/bin/e2fsck on /dev/block/by-name/android_cache
[   11.152717] e2fsck: e2fsck 1.42.9 (28-Dec-2013)
[   11.153062] e2fsck: /dev/block/by-name/android_cache: clean, 19/16384 files, 2123/65536 blocks
[   11.156430] EXT4-fs (mmcblk0p8): mounted filesystem with ordered data mode. Opts: errors=panic
[   11.156476] SELinux: initialized (dev mmcblk0p8, type ext4), uses xattr
[   11.156563] fs_mgr: __mount(source=/dev/block/by-name/android_cache,target=/cache,type=ext4)=0
[   11.157345] EXT4-fs (mmcblk0p9): Ignoring removed nomblk_io_submit option
[   11.174968] EXT4-fs (mmcblk0p9): 1 orphan inode deleted
[   11.175008] EXT4-fs (mmcblk0p9): recovery complete
[   11.182346] EXT4-fs (mmcblk0p9): mounted filesystem with ordered data mode. Opts: nomblk_io_submit,errors=remount-ro
[   11.182395] SELinux: initialized (dev mmcblk0p9, type ext4), uses xattr
[   11.182492] fs_mgr: check_fs(): mount(/dev/block/by-name/android_data,/data,ext4)=0
[   11.193397] fs_mgr: Running /system/bin/e2fsck on /dev/block/by-name/android_data
[   11.269798] e2fsck: e2fsck 1.42.9 (28-Dec-2013)
[   11.269950] e2fsck: /dev/block/by-name/android_data: clean, 78960/3407872 files, 5688942/13631488 blocks
[   11.275212] EXT4-fs (mmcblk0p9): mounted filesystem with ordered data mode. Opts: discard,noauto_da_alloc,errors=panic
[   11.275259] SELinux: initialized (dev mmcblk0p9, type ext4), uses xattr
[   11.275361] fs_mgr: __mount(source=/dev/block/by-name/android_data,target=/data,type=ext4)=0
[   11.276167] EXT4-fs (mmcblk0p11): Ignoring removed nomblk_io_submit option
[   11.287185] EXT4-fs (mmcblk0p11): mounted filesystem with ordered data mode. Opts: nomblk_io_submit,errors=remount-ro
[   11.287226] SELinux: initialized (dev mmcblk0p11, type ext4), uses xattr
[   11.287319] fs_mgr: check_fs(): mount(/dev/block/by-name/android_config,/config,ext4)=0
[   11.301826] fs_mgr: Running /system/bin/e2fsck on /dev/block/by-name/android_config
[   11.308030] e2fsck: e2fsck 1.42.9 (28-Dec-2013)
[   11.308096] e2fsck: /dev/block/by-name/android_config: clean, 13/512 files, 1073/2048 blocks
[   11.311847] EXT4-fs (mmcblk0p11): mounted filesystem with ordered data mode. Opts: errors=panic
[   11.311891] SELinux: initialized (dev mmcblk0p11, type ext4), uses xattr
[   11.311972] fs_mgr: __mount(source=/dev/block/by-name/android_config,target=/config,type=ext4)=0
[   11.312853] SELinux: initialized (dev functionfs, type functionfs), uses genfs_contexts
[   11.317095] init: cannot find '/system/bin/bd_prov', disabling 'bd_prov'
[   11.325616] SELinux: initialized (dev cgroup, type cgroup), uses genfs_contexts
[   11.411205] Adding 102396k swap on /dev/block/zram0.  Priority:-1 extents:1 across:102396k SS
[   11.457826] init: cannot find '/system/bin/mmgr', disabling 'mmgr'
[   11.458516] iTCO_wdt: iTCO_wdt_ping
[   11.458522] iTCO_wdt: iTCO_wdt_ping
[   11.459183] binder: 2480:2480 transaction failed 29189, size 0-0
[   11.532364] logd.auditd: start
[   11.591285] atomisp-css2401a0_v21 0000:00:03.0: enabling device (0000 -> 0002)
[   11.591667] atomisp-css2401a0_v21 0000:00:03.0: ISP HPLL frequency base = 1600 MHz
[   11.591700] bingo...atomisp_pci_probe(): defer_fw_load is 0, call atomisp_load_firmware()!
[   11.788136] bingo...atomisp_pci_probe(): load firmware complete!
[   11.788247] atomisp-css2401a0_v21 0000:00:03.0: irq 144 for MSI/MSI-X
[   11.862308] ++++ov2680b_probe++++
[   11.862353] ov2680b i2c-rear:36: ++++ov2680b_probe++++
[   11.862410] ov2680b i2c-rear:36: gmin: initializing atomisp module subdev data.PMIC ID 2
[   11.862450] ov2680b i2c-rear:36: suddev name = ov2680b 0-0036
[   11.862504] gmin_get_var_int var: CamClk, ret: 4.
[   11.867832] gmin_get_var_int var: ClkSrc, ret: 0.
[   11.873134] gmin_get_var_int var: CsiPort, ret: 1.
[   11.878528] gmin_get_var_int var: CsiLanes, ret: 1.
[   11.884193] ov2680b i2c-rear:36: gmin_subdev_add gpio0 is ok.
[   11.890682] ov2680b i2c-rear:36: gmin_subdev_add gpio1 is ok.
[   11.897193] gmin_gpio1_ctrl.
[   11.900445] gmin_gpio1_ctrl enter.
[   11.904288] gmin_gpio0_ctrl.
[   11.907541] gmin_gpio0_ctrl enter.
[   11.911495] (NULL device *): Failed to find gmin variable gmin_V1P8GPIO
[   11.919069] gmin_get_var_int var: V1P8GPIO, ret: ffffffff.
[   11.925322] (NULL device *): Failed to find gmin variable gmin_V2P8GPIO
[   11.932781] gmin_get_var_int var: V2P8GPIO, ret: ffffffff.
[   11.939379] gmin_v1p8_ctrl PMIC_AXP.
[   11.946378] axp_regulator_set success.
[   11.953727] axp_regulator_set success.
[   11.979286] gmin_gpio0_ctrl.
[   11.982559] gmin_gpio0_ctrl enter.
[   12.001289] gmin_gpio1_ctrl.
[   12.004560] gmin_gpio1_ctrl enter.
[   12.043184] ov2680b i2c-rear:36: camera pdata: port: 1 lanes: 1 order: 00000002
[   12.045548] gmin_gpio1_ctrl.
[   12.048811] gmin_gpio1_ctrl enter.
[   12.052788] gmin_gpio0_ctrl.
[   12.056143] gmin_gpio0_ctrl enter.
[   12.060099] gmin_v1p8_ctrl PMIC_AXP.
[   12.068010] axp_regulator_set success.
[   12.076672] axp_regulator_set success.
[   12.080916] ov2680b i2c-rear:36: register atomisp i2c module type 1
[   12.080981] atomisp_acpi_i2c_add_device(): ov2680b has been registered successfully!
[   12.091274] sst-platform sst-platform: ASoC: no sink widget found for Audio Capture
[   12.100012] sst-platform sst-platform: ASoC: Failed to add route media3_out -> direct -> Audio Capture
[   12.110630] ++++ov2680_probe++++
[   12.110666] ov2680 i2c-front:10: ++++ov2680_probe++++
[   12.110720] ov2680 i2c-front:10: gmin: initializing atomisp module subdev data.PMIC ID 2
[   12.110766] ov2680 i2c-front:10: suddev name = ov2680 2-0010
[   12.110821] gmin_get_var_int var: CamClk, ret: 2.
[   12.116963] gmin_get_var_int var: ClkSrc, ret: 0.
[   12.122752] gmin_get_var_int var: CsiPort, ret: 0.
[   12.126525] ---es8316_probe--start--
[   12.128271] gmin_get_var_int var: CsiLanes, ret: 1.
[   12.133977] ov2680 i2c-front:10: gmin_subdev_add gpio0 is ok.
[   12.140488] ov2680 i2c-front:10: gmin_subdev_add gpio1 is ok.
[   12.147192] gmin_gpio1_ctrl.
[   12.150447] gmin_gpio1_ctrl enter.
[   12.154286] gmin_gpio0_ctrl.
[   12.157536] gmin_gpio0_ctrl enter.
[   12.161372] gmin_v1p8_ctrl PMIC_AXP.
[   12.169991] axp_regulator_set success.
[   12.177299] axp_regulator_set success.
[   12.185978] axp_regulator_set success.
[   12.205914] snd-soc-dummy snd-soc-dummy: ASoC: Failed to create platform debugfs directory
[   12.211472] gmin_gpio0_ctrl.
[   12.211474] gmin_gpio0_ctrl enter.
[   12.222421]  codec->name = es8316.1-0011
[   12.226773] gmin_gpio1_ctrl.
[   12.226775] gmin_gpio1_ctrl enter.
[   12.234102] Failed to get gpio desc for Jack det
[   12.239313] hs codec gpio 307
[   12.243876] Enter:cht_hs_detection
[   12.245486] cht_hs_detection:Check hs insertion  after 400 msecExit:cht_hs_detection
[   12.247064] Enter:cht_hs_detectioncht_hs_detection:Check hs insertion  after 400 msec
